Component: ARM Compiler 5.06 update 6 (build 750) Tool: armlink [4d35ed]

==============================================================================

Section Cross References

    main.o(i.TIM17_IRQHandler) refers to main.o(i.TimingDelayDec) for TimingDelayDec
    main.o(i.TimingDelayDec) refers to main.o(.data) for TimingDelay
    main.o(i.delay_ms) refers to main.o(.data) for TimingDelay
    main.o(i.initial) refers to main.o(i.__NVIC_SetPriority) for __NVIC_SetPriority
    main.o(i.kalman_filter) refers to f2d.o(.text) for __aeabi_f2d
    main.o(i.kalman_filter) refers to daddsub.o(.text) for __aeabi_dadd
    main.o(i.kalman_filter) refers to d2f.o(.text) for __aeabi_d2f
    main.o(i.kalman_filter) refers to ddiv.o(.text) for __aeabi_ddiv
    main.o(i.kalman_filter) refers to fflti.o(.text) for __aeabi_i2f
    main.o(i.kalman_filter) refers to faddsub.o(x$fpl$fsub) for __aeabi_fsub
    main.o(i.kalman_filter) refers to fmul.o(x$fpl$fmul) for __aeabi_fmul
    main.o(i.kalman_filter) refers to faddsub.o(x$fpl$fadd) for __aeabi_fadd
    main.o(i.kalman_filter) refers to frlef.o(x$fpl$frleqf) for __aeabi_cfrcmple
    main.o(i.kalman_filter) refers to flef.o(x$fpl$fleqf) for __aeabi_cfcmple
    main.o(i.kalman_filter) refers to main.o(.data) for Xkalman
    main.o(i.kalman_filter) refers to main.o(.bss) for lis_data
    main.o(i.main) refers to main.o(i.initial) for initial
    main.o(i.main) refers to main.o(i.delay_ms) for delay_ms
    main.o(i.main) refers to ssd1306.o(i.LCD_Init) for LCD_Init
    main.o(i.main) refers to ssd1306.o(i.LCD_Clear) for LCD_Clear
    main.o(i.main) refers to ssd1306.o(i.LCD_Gotoxy) for LCD_Gotoxy
    main.o(i.main) refers to ssd1306.o(i.LCD_PrintStr) for LCD_PrintStr
    main.o(i.main) refers to lis3dh.o(i.init_lis3dh) for init_lis3dh
    main.o(i.main) refers to lis3dh.o(i.readReg8) for readReg8
    main.o(i.main) refers to ssd1306.o(i.LCD_PrintHex) for LCD_PrintHex
    main.o(i.main) refers to lis3dh.o(i.SPI_Read) for SPI_Read
    main.o(i.main) refers to lis3dh.o(i.Lis_ADC_CMD) for Lis_ADC_CMD
    main.o(i.main) refers to ssd1306.o(i.LCD_PrintDec) for LCD_PrintDec
    main.o(i.main) refers to lis3dh.o(i.readLisData) for readLisData
    main.o(i.main) refers to main.o(i.kalman_filter) for kalman_filter
    main.o(i.main) refers to ffixi.o(.text) for __aeabi_f2iz
    main.o(i.main) refers to dflti.o(.text) for __aeabi_i2d
    main.o(i.main) refers to daddsub.o(.text) for __aeabi_dadd
    main.o(i.main) refers to ddiv.o(.text) for __aeabi_ddiv
    main.o(i.main) refers to sqrt.o(i.sqrt) for sqrt
    main.o(i.main) refers to dfixi.o(.text) for __aeabi_d2iz
    main.o(i.main) refers to main.o(.bss) for lis_data
    main.o(i.main) refers to main.o(.data) for sec05_f
    ssd1306.o(i.CMD) refers to ssd1306.o(i.I2C_write) for I2C_write
    ssd1306.o(i.Flip_mode) refers to ssd1306.o(i.I2C_Start) for I2C_Start
    ssd1306.o(i.Flip_mode) refers to ssd1306.o(i.CMD) for CMD
    ssd1306.o(i.Flip_mode) refers to ssd1306.o(i.I2C_Stop) for I2C_Stop
    ssd1306.o(i.I2C_Stop) refers to ssd1306.o(i.WaitISRBitSet) for WaitISRBitSet
    ssd1306.o(i.I2C_write) refers to ssd1306.o(i.WaitISRBitSet) for WaitISRBitSet
    ssd1306.o(i.LCD_Char) refers to ssd1306.o(i.I2C_Start) for I2C_Start
    ssd1306.o(i.LCD_Char) refers to ssd1306.o(i.I2C_write) for I2C_write
    ssd1306.o(i.LCD_Char) refers to ssd1306.o(i.I2C_Stop) for I2C_Stop
    ssd1306.o(i.LCD_Char) refers to ssd1306.o(.constdata) for font
    ssd1306.o(i.LCD_Clear) refers to ssd1306.o(i.I2C_Start) for I2C_Start
    ssd1306.o(i.LCD_Clear) refers to ssd1306.o(i.CMD) for CMD
    ssd1306.o(i.LCD_Clear) refers to ssd1306.o(i.I2C_write) for I2C_write
    ssd1306.o(i.LCD_Clear) refers to ssd1306.o(i.I2C_Stop) for I2C_Stop
    ssd1306.o(i.LCD_ClearStr) refers to ssd1306.o(i.LCD_Gotoxy) for LCD_Gotoxy
    ssd1306.o(i.LCD_ClearStr) refers to ssd1306.o(i.I2C_Start) for I2C_Start
    ssd1306.o(i.LCD_ClearStr) refers to ssd1306.o(i.CMD) for CMD
    ssd1306.o(i.LCD_ClearStr) refers to ssd1306.o(i.I2C_write) for I2C_write
    ssd1306.o(i.LCD_ClearStr) refers to ssd1306.o(i.I2C_Stop) for I2C_Stop
    ssd1306.o(i.LCD_Gotoxy) refers to ssd1306.o(i.I2C_Start) for I2C_Start
    ssd1306.o(i.LCD_Gotoxy) refers to ssd1306.o(i.CMD) for CMD
    ssd1306.o(i.LCD_Gotoxy) refers to ssd1306.o(i.I2C_Stop) for I2C_Stop
    ssd1306.o(i.LCD_Init) refers to ssd1306.o(i.I2C_Start) for I2C_Start
    ssd1306.o(i.LCD_Init) refers to ssd1306.o(i.CMD) for CMD
    ssd1306.o(i.LCD_Init) refers to ssd1306.o(i.I2C_Stop) for I2C_Stop
    ssd1306.o(i.LCD_Init) refers to ssd1306.o(.constdata) for init_lcd
    ssd1306.o(i.LCD_PrintBin) refers to ssd1306.o(i.LCD_Char) for LCD_Char
    ssd1306.o(i.LCD_PrintDec) refers to aeabi_sdiv.o(.text) for __aeabi_uidivmod
    ssd1306.o(i.LCD_PrintDec) refers to ssd1306.o(i.LCD_Char) for LCD_Char
    ssd1306.o(i.LCD_PrintHex) refers to ssd1306.o(i.LCD_Char) for LCD_Char
    ssd1306.o(i.LCD_PrintStr) refers to ssd1306.o(i.LCD_Char) for LCD_Char
    ssd1306.o(i.LCD_mode) refers to ssd1306.o(i.I2C_Start) for I2C_Start
    ssd1306.o(i.LCD_mode) refers to ssd1306.o(i.CMD) for CMD
    ssd1306.o(i.LCD_mode) refers to ssd1306.o(i.I2C_Stop) for I2C_Stop
    ssd1306.o(i.scroll_area) refers to ssd1306.o(i.I2C_Start) for I2C_Start
    ssd1306.o(i.scroll_area) refers to ssd1306.o(i.CMD) for CMD
    ssd1306.o(i.scroll_area) refers to ssd1306.o(i.I2C_Stop) for I2C_Stop
    ssd1306.o(i.scroll_vleft) refers to ssd1306.o(i.I2C_Start) for I2C_Start
    ssd1306.o(i.scroll_vleft) refers to ssd1306.o(i.CMD) for CMD
    ssd1306.o(i.scroll_vleft) refers to ssd1306.o(i.I2C_Stop) for I2C_Stop
    ssd1306.o(i.scroll_vright) refers to ssd1306.o(i.I2C_Start) for I2C_Start
    ssd1306.o(i.scroll_vright) refers to ssd1306.o(i.CMD) for CMD
    ssd1306.o(i.scroll_vright) refers to ssd1306.o(i.I2C_Stop) for I2C_Stop
    ssd1306.o(i.slide_left) refers to ssd1306.o(i.I2C_Start) for I2C_Start
    ssd1306.o(i.slide_left) refers to ssd1306.o(i.CMD) for CMD
    ssd1306.o(i.slide_left) refers to ssd1306.o(i.I2C_Stop) for I2C_Stop
    ssd1306.o(i.slide_right) refers to ssd1306.o(i.I2C_Start) for I2C_Start
    ssd1306.o(i.slide_right) refers to ssd1306.o(i.CMD) for CMD
    ssd1306.o(i.slide_right) refers to ssd1306.o(i.I2C_Stop) for I2C_Stop
    ssd1306.o(i.start_slide) refers to ssd1306.o(i.I2C_Start) for I2C_Start
    ssd1306.o(i.start_slide) refers to ssd1306.o(i.CMD) for CMD
    ssd1306.o(i.start_slide) refers to ssd1306.o(i.I2C_Stop) for I2C_Stop
    ssd1306.o(i.stop_slide) refers to ssd1306.o(i.I2C_Start) for I2C_Start
    ssd1306.o(i.stop_slide) refers to ssd1306.o(i.CMD) for CMD
    ssd1306.o(i.stop_slide) refers to ssd1306.o(i.I2C_Stop) for I2C_Stop
    lis3dh.o(i.Lis_ADC_CMD) refers to lis3dh.o(i.writeReg8) for writeReg8
    lis3dh.o(i.Lis_ADC_CMD) refers to lis3dh.o(i.SPI_Write) for SPI_Write
    lis3dh.o(i.Lis_TEMP_CMD) refers to lis3dh.o(i.writeReg8) for writeReg8
    lis3dh.o(i.Lis_TEMP_CMD) refers to lis3dh.o(i.SPI_Write) for SPI_Write
    lis3dh.o(i.init_lis3dh) refers to lis3dh.o(i.writeReg8) for writeReg8
    lis3dh.o(i.init_lis3dh) refers to lis3dh.o(i.SPI_Write) for SPI_Write
    lis3dh.o(i.readLisADC) refers to lis3dh.o(i.readReg8) for readReg8
    lis3dh.o(i.readLisADC) refers to lis3dh.o(i.SPI_Read_Multi) for SPI_Read_Multi
    lis3dh.o(i.readLisData) refers to lis3dh.o(i.readReg8) for readReg8
    lis3dh.o(i.readLisData) refers to lis3dh.o(i.SPI_Read) for SPI_Read
    lis3dh.o(i.readLisData) refers to lis3dh.o(i.SPI_Read_Multi) for SPI_Read_Multi
    lis3dh.o(i.readLisData) refers to aeabi_sdiv.o(.text) for __aeabi_idivmod
    lis3dh.o(i.readLisTemp) refers to lis3dh.o(i.readReg8) for readReg8
    lis3dh.o(i.readLisTemp) refers to lis3dh.o(i.SPI_Read_Multi) for SPI_Read_Multi
    startup_stm32f042x6.o(STACK) refers (Special) to heapauxi.o(.text) for __use_two_region_memory
    startup_stm32f042x6.o(HEAP) refers (Special) to heapauxi.o(.text) for __use_two_region_memory
    startup_stm32f042x6.o(RESET) refers (Special) to heapauxi.o(.text) for __use_two_region_memory
    startup_stm32f042x6.o(RESET) refers to startup_stm32f042x6.o(STACK) for __initial_sp
    startup_stm32f042x6.o(RESET) refers to startup_stm32f042x6.o(.text) for Reset_Handler
    startup_stm32f042x6.o(RESET) refers to main.o(i.TIM2_IRQHandler) for TIM2_IRQHandler
    startup_stm32f042x6.o(RESET) refers to main.o(i.TIM17_IRQHandler) for TIM17_IRQHandler
    startup_stm32f042x6.o(.text) refers (Special) to heapauxi.o(.text) for __use_two_region_memory
    startup_stm32f042x6.o(.text) refers to startup_stm32f042x6.o(STACK) for __initial_sp
    startup_stm32f042x6.o(.text) refers to system_stm32f0xx.o(i.SystemInit) for SystemInit
    startup_stm32f042x6.o(.text) refers to __main.o(!!!main) for __main
    startup_stm32f042x6.o(.text) refers to startup_stm32f042x6.o(HEAP) for Heap_Mem
    system_stm32f0xx.o(i.SystemCoreClockUpdate) refers to aeabi_sdiv.o(.text) for __aeabi_uidivmod
    system_stm32f0xx.o(i.SystemCoreClockUpdate) refers to system_stm32f0xx.o(.data) for SystemCoreClock
    system_stm32f0xx.o(i.SystemCoreClockUpdate) refers to system_stm32f0xx.o(.constdata) for AHBPrescTable
    __main.o(!!!main) refers to __rtentry.o(.ARM.Collect$$rtentry$$00000000) for __rt_entry
    d2f.o(.text) refers (Special) to usenofp.o(x$fpl$usenofp) for __I$use$fp
    daddsub.o(.text) refers (Special) to usenofp.o(x$fpl$usenofp) for __I$use$fp
    ddiv.o(.text) refers (Special) to usenofp.o(x$fpl$usenofp) for __I$use$fp
    ddiv.o(.text) refers to ddiv.o(.constdata) for .constdata
    ddiv.o(.constdata) refers (Special) to usenofp.o(x$fpl$usenofp) for __I$use$fp
    dfixi.o(.text) refers (Special) to usenofp.o(x$fpl$usenofp) for __I$use$fp
    dflti.o(.text) refers (Special) to usenofp.o(x$fpl$usenofp) for __I$use$fp
    f2d.o(.text) refers (Special) to usenofp.o(x$fpl$usenofp) for __I$use$fp
    faddsub.o(x$fpl$fadd) refers (Special) to usenofp.o(x$fpl$usenofp) for __I$use$fp
    faddsub.o(x$fpl$fadd) refers to faddsub.o(x$fpl$fsub) for _fsub1
    faddsub.o(x$fpl$frsb) refers (Special) to usenofp.o(x$fpl$usenofp) for __I$use$fp
    faddsub.o(x$fpl$frsb) refers to faddsub.o(x$fpl$fsub) for _fsub1
    faddsub.o(x$fpl$frsb) refers to faddsub.o(x$fpl$fadd) for _fadd1
    faddsub.o(x$fpl$fsub) refers (Special) to usenofp.o(x$fpl$usenofp) for __I$use$fp
    faddsub.o(x$fpl$fsub) refers to faddsub.o(x$fpl$fadd) for _fadd1
    ffixi.o(.text) refers (Special) to usenofp.o(x$fpl$usenofp) for __I$use$fp
    fflti.o(.text) refers (Special) to usenofp.o(x$fpl$usenofp) for __I$use$fp
    flef.o(x$fpl$fleqf) refers (Special) to usenofp.o(x$fpl$usenofp) for __I$use$fp
    flef.o(x$fpl$fleqf) refers to fcmpin.o(.text) for __fpl_fcmp_InfNaN
    fmul.o(x$fpl$fmul) refers (Special) to usenofp.o(x$fpl$usenofp) for __I$use$fp
    frlef.o(x$fpl$frleqf) refers (Special) to usenofp.o(x$fpl$usenofp) for __I$use$fp
    frlef.o(x$fpl$frleqf) refers to fcmpin.o(.text) for __fpl_fcmp_InfNaN
    sqrt.o(i.__softfp_sqrt) refers (Special) to usenofp.o(x$fpl$usenofp) for __I$use$fp
    sqrt.o(i.__softfp_sqrt) refers to dsqrt.o(.text) for _dsqrt
    sqrt.o(i.__softfp_sqrt) refers to _rserrno.o(.text) for __set_errno
    sqrt.o(i.sqrt) refers (Special) to usenofp.o(x$fpl$usenofp) for __I$use$fp
    sqrt.o(i.sqrt) refers to dsqrt.o(.text) for _dsqrt
    sqrt.o(i.sqrt) refers to _rserrno.o(.text) for __set_errno
    sqrt_x.o(i.____softfp_sqrt$lsc) refers (Special) to usenofp.o(x$fpl$usenofp) for __I$use$fp
    sqrt_x.o(i.____softfp_sqrt$lsc) refers to dlef.o(x$fpl$dleqf) for __aeabi_cdcmple
    sqrt_x.o(i.____softfp_sqrt$lsc) refers to _rserrno.o(.text) for __set_errno
    sqrt_x.o(i.____softfp_sqrt$lsc) refers to dsqrt.o(.text) for _dsqrt
    sqrt_x.o(i.__sqrt$lsc) refers (Special) to usenofp.o(x$fpl$usenofp) for __I$use$fp
    sqrt_x.o(i.__sqrt$lsc) refers to dlef.o(x$fpl$dleqf) for __aeabi_cdcmple
    sqrt_x.o(i.__sqrt$lsc) refers to _rserrno.o(.text) for __set_errno
    sqrt_x.o(i.__sqrt$lsc) refers to dsqrt.o(.text) for _dsqrt
    __rtentry.o(.ARM.Collect$$rtentry$$00000000) refers (Special) to __rtentry2.o(.ARM.Collect$$rtentry$$0000000A) for __rt_entry_li
    __rtentry.o(.ARM.Collect$$rtentry$$00000000) refers (Special) to __rtentry2.o(.ARM.Collect$$rtentry$$0000000D) for __rt_entry_main
    __rtentry.o(.ARM.Collect$$rtentry$$00000000) refers (Special) to __rtentry2.o(.ARM.Collect$$rtentry$$0000000C) for __rt_entry_postli_1
    __rtentry.o(.ARM.Collect$$rtentry$$00000000) refers (Special) to __rtentry2.o(.ARM.Collect$$rtentry$$00000009) for __rt_entry_postsh_1
    __rtentry.o(.ARM.Collect$$rtentry$$00000000) refers (Special) to __rtentry2.o(.ARM.Collect$$rtentry$$00000002) for __rt_entry_presh_1
    __rtentry.o(.ARM.Collect$$rtentry$$00000000) refers (Special) to __rtentry4.o(.ARM.Collect$$rtentry$$00000004) for __rt_entry_sh
    aeabi_idiv0_sigfpe.o(.text) refers to rt_div0.o(.text) for __rt_div0
    _rserrno.o(.text) refers to rt_errno_addr_intlibspace.o(.text) for __aeabi_errno_addr
    dlef.o(x$fpl$dleqf) refers (Special) to usenofp.o(x$fpl$usenofp) for __I$use$fp
    dlef.o(x$fpl$dleqf) refers to dcmpin.o(.text) for __fpl_dcmp_InfNaN
    dsqrt.o(.text) refers (Special) to usenofp.o(x$fpl$usenofp) for __I$use$fp
    fcmpin.o(.text) refers (Special) to usenofp.o(x$fpl$usenofp) for __I$use$fp
    fcmpin.o(.text) refers to cmpret.o(.text) for __fpl_cmpreturn
    fcmpin.o(.text) refers to fnan2.o(.text) for __fpl_fcheck_NaN2
    __rtentry2.o(.ARM.Collect$$rtentry$$00000008) refers to boardinit2.o(.text) for _platform_post_stackheap_init
    __rtentry2.o(.ARM.Collect$$rtentry$$0000000A) refers to libinit.o(.ARM.Collect$$libinit$$00000000) for __rt_lib_init
    __rtentry2.o(.ARM.Collect$$rtentry$$0000000B) refers to boardinit3.o(.text) for _platform_post_lib_init
    __rtentry2.o(.ARM.Collect$$rtentry$$0000000D) refers to main.o(i.main) for main
    __rtentry2.o(.ARM.Collect$$rtentry$$0000000D) refers to exit.o(.text) for exit
    __rtentry2.o(.ARM.exidx) refers to __rtentry2.o(.ARM.Collect$$rtentry$$00000001) for .ARM.Collect$$rtentry$$00000001
    __rtentry2.o(.ARM.exidx) refers to __rtentry2.o(.ARM.Collect$$rtentry$$00000008) for .ARM.Collect$$rtentry$$00000008
    __rtentry2.o(.ARM.exidx) refers to __rtentry2.o(.ARM.Collect$$rtentry$$0000000A) for .ARM.Collect$$rtentry$$0000000A
    __rtentry2.o(.ARM.exidx) refers to __rtentry2.o(.ARM.Collect$$rtentry$$0000000B) for .ARM.Collect$$rtentry$$0000000B
    __rtentry2.o(.ARM.exidx) refers to __rtentry2.o(.ARM.Collect$$rtentry$$0000000D) for .ARM.Collect$$rtentry$$0000000D
    __rtentry4.o(.ARM.Collect$$rtentry$$00000004) refers to sys_stackheap_outer.o(.text) for __user_setup_stackheap
    __rtentry4.o(.ARM.exidx) refers to __rtentry4.o(.ARM.Collect$$rtentry$$00000004) for .ARM.Collect$$rtentry$$00000004
    rt_div0.o(.text) refers to defsig_fpe_outer.o(.text) for __rt_SIGFPE
    rt_errno_addr.o(.text) refers to rt_errno_addr.o(.bss) for __aeabi_errno_addr_data
    rt_errno_addr_intlibspace.o(.text) refers to libspace.o(.bss) for __libspace_start
    cmpret.o(.text) refers (Special) to usenofp.o(x$fpl$usenofp) for __I$use$fp
    dcmpin.o(.text) refers (Special) to usenofp.o(x$fpl$usenofp) for __I$use$fp
    dcmpin.o(.text) refers to cmpret.o(.text) for __fpl_cmpreturn
    dcmpin.o(.text) refers to dnan2.o(.text) for __fpl_dcheck_NaN2
    fnan2.o(.text) refers (Special) to usenofp.o(x$fpl$usenofp) for __I$use$fp
    fnan2.o(.text) refers to retnan.o(.text) for __fpl_return_NaN
    libspace.o(.text) refers to libspace.o(.bss) for __libspace_start
    sys_stackheap_outer.o(.text) refers to libspace.o(.text) for __user_perproc_libspace
    sys_stackheap_outer.o(.text) refers to startup_stm32f042x6.o(.text) for __user_initial_stackheap
    sys_stackheap_outer.o(__vectab_stack_and_reset_area) refers to tempstk.o(.text) for __temporary_stack_top
    sys_stackheap_outer.o(__vectab_stack_and_reset_area) refers to __main.o(!!!main) for __main
    exit.o(.text) refers to rtexit.o(.ARM.Collect$$rtexit$$00000000) for __rt_exit
    defsig_fpe_outer.o(.text) refers to defsig_fpe_inner.o(.text) for __rt_SIGFPE_inner
    defsig_fpe_outer.o(.text) refers to defsig_exit.o(.text) for __sig_exit
    defsig_fpe_formal.o(.text) refers to rt_raise.o(.text) for __rt_raise
    libinit.o(.ARM.Collect$$libinit$$00000000) refers (Special) to libinit2.o(.ARM.Collect$$libinit$$0000002E) for __rt_lib_init_alloca_1
    libinit.o(.ARM.Collect$$libinit$$00000000) refers (Special) to libinit2.o(.ARM.Collect$$libinit$$0000002C) for __rt_lib_init_argv_1
    libinit.o(.ARM.Collect$$libinit$$00000000) refers (Special) to libinit2.o(.ARM.Collect$$libinit$$0000001B) for __rt_lib_init_atexit_1
    libinit.o(.ARM.Collect$$libinit$$00000000) refers (Special) to libinit2.o(.ARM.Collect$$libinit$$00000021) for __rt_lib_init_clock_1
    libinit.o(.ARM.Collect$$libinit$$00000000) refers (Special) to libinit2.o(.ARM.Collect$$libinit$$00000032) for __rt_lib_init_cpp_1
    libinit.o(.ARM.Collect$$libinit$$00000000) refers (Special) to libinit2.o(.ARM.Collect$$libinit$$00000030) for __rt_lib_init_exceptions_1
    libinit.o(.ARM.Collect$$libinit$$00000000) refers (Special) to libinit2.o(.ARM.Collect$$libinit$$00000002) for __rt_lib_init_fp_1
    libinit.o(.ARM.Collect$$libinit$$00000000) refers (Special) to libinit2.o(.ARM.Collect$$libinit$$0000001F) for __rt_lib_init_fp_trap_1
    libinit.o(.ARM.Collect$$libinit$$00000000) refers (Special) to libinit2.o(.ARM.Collect$$libinit$$00000023) for __rt_lib_init_getenv_1
    libinit.o(.ARM.Collect$$libinit$$00000000) refers (Special) to libinit2.o(.ARM.Collect$$libinit$$0000000A) for __rt_lib_init_heap_1
    libinit.o(.ARM.Collect$$libinit$$00000000) refers (Special) to libinit2.o(.ARM.Collect$$libinit$$00000011) for __rt_lib_init_lc_collate_1
    libinit.o(.ARM.Collect$$libinit$$00000000) refers (Special) to libinit2.o(.ARM.Collect$$libinit$$00000013) for __rt_lib_init_lc_ctype_1
    libinit.o(.ARM.Collect$$libinit$$00000000) refers (Special) to libinit2.o(.ARM.Collect$$libinit$$00000015) for __rt_lib_init_lc_monetary_1
    libinit.o(.ARM.Collect$$libinit$$00000000) refers (Special) to libinit2.o(.ARM.Collect$$libinit$$00000017) for __rt_lib_init_lc_numeric_1
    libinit.o(.ARM.Collect$$libinit$$00000000) refers (Special) to libinit2.o(.ARM.Collect$$libinit$$00000019) for __rt_lib_init_lc_time_1
    libinit.o(.ARM.Collect$$libinit$$00000000) refers (Special) to libinit2.o(.ARM.Collect$$libinit$$00000004) for __rt_lib_init_preinit_1
    libinit.o(.ARM.Collect$$libinit$$00000000) refers (Special) to libinit2.o(.ARM.Collect$$libinit$$0000000E) for __rt_lib_init_rand_1
    libinit.o(.ARM.Collect$$libinit$$00000000) refers (Special) to libinit2.o(.ARM.Collect$$libinit$$00000033) for __rt_lib_init_return
    libinit.o(.ARM.Collect$$libinit$$00000000) refers (Special) to libinit2.o(.ARM.Collect$$libinit$$0000001D) for __rt_lib_init_signal_1
    libinit.o(.ARM.Collect$$libinit$$00000000) refers (Special) to libinit2.o(.ARM.Collect$$libinit$$00000025) for __rt_lib_init_stdio_1
    libinit.o(.ARM.Collect$$libinit$$00000000) refers (Special) to libinit2.o(.ARM.Collect$$libinit$$0000000C) for __rt_lib_init_user_alloc_1
    dnan2.o(.text) refers (Special) to usenofp.o(x$fpl$usenofp) for __I$use$fp
    dnan2.o(.text) refers to retnan.o(.text) for __fpl_return_NaN
    retnan.o(.text) refers (Special) to usenofp.o(x$fpl$usenofp) for __I$use$fp
    retnan.o(.text) refers to cmpret.o(.text) for __fpl_cmpreturn
    rtexit.o(.ARM.Collect$$rtexit$$00000000) refers (Special) to rtexit2.o(.ARM.Collect$$rtexit$$00000004) for __rt_exit_exit
    rtexit.o(.ARM.Collect$$rtexit$$00000000) refers (Special) to rtexit2.o(.ARM.Collect$$rtexit$$00000003) for __rt_exit_ls
    rtexit.o(.ARM.Collect$$rtexit$$00000000) refers (Special) to rtexit2.o(.ARM.Collect$$rtexit$$00000002) for __rt_exit_prels_1
    rtexit.o(.ARM.exidx) refers (Special) to rtexit2.o(.ARM.Collect$$rtexit$$00000004) for __rt_exit_exit
    rtexit.o(.ARM.exidx) refers (Special) to rtexit2.o(.ARM.Collect$$rtexit$$00000003) for __rt_exit_ls
    rtexit.o(.ARM.exidx) refers (Special) to rtexit2.o(.ARM.Collect$$rtexit$$00000002) for __rt_exit_prels_1
    rtexit.o(.ARM.exidx) refers to rtexit.o(.ARM.Collect$$rtexit$$00000000) for .ARM.Collect$$rtexit$$00000000
    rt_raise.o(.text) refers to __raise.o(.text) for __raise
    rt_raise.o(.text) refers to sys_exit.o(.text) for _sys_exit
    defsig_exit.o(.text) refers to sys_exit.o(.text) for _sys_exit
    defsig_fpe_inner.o(.text) refers to defsig_general.o(.text) for __default_signal_display
    libinit2.o(.ARM.Collect$$libinit$$00000010) refers to libinit2.o(.ARM.Collect$$libinit$$0000000F) for .ARM.Collect$$libinit$$0000000F
    libinit2.o(.ARM.Collect$$libinit$$00000012) refers to libinit2.o(.ARM.Collect$$libinit$$0000000F) for .ARM.Collect$$libinit$$0000000F
    libinit2.o(.ARM.Collect$$libinit$$00000014) refers to libinit2.o(.ARM.Collect$$libinit$$0000000F) for .ARM.Collect$$libinit$$0000000F
    libinit2.o(.ARM.Collect$$libinit$$00000016) refers to libinit2.o(.ARM.Collect$$libinit$$0000000F) for .ARM.Collect$$libinit$$0000000F
    libinit2.o(.ARM.Collect$$libinit$$00000018) refers to libinit2.o(.ARM.Collect$$libinit$$0000000F) for .ARM.Collect$$libinit$$0000000F
    libinit2.o(.ARM.Collect$$libinit$$00000026) refers to argv_veneer.o(.text) for __ARM_argv_veneer
    libinit2.o(.ARM.Collect$$libinit$$00000027) refers to argv_veneer.o(.text) for __ARM_argv_veneer
    sys_exit.o(.text) refers (Special) to use_no_semi.o(.text) for __I$use$semihosting
    sys_exit.o(.text) refers (Special) to indicate_semi.o(.text) for __semihosting_library_function
    rtexit2.o(.ARM.Collect$$rtexit$$00000003) refers to libshutdown.o(.ARM.Collect$$libshutdown$$00000000) for __rt_lib_shutdown
    rtexit2.o(.ARM.Collect$$rtexit$$00000004) refers to sys_exit.o(.text) for _sys_exit
    rtexit2.o(.ARM.exidx) refers to rtexit2.o(.ARM.Collect$$rtexit$$00000001) for .ARM.Collect$$rtexit$$00000001
    rtexit2.o(.ARM.exidx) refers to rtexit2.o(.ARM.Collect$$rtexit$$00000003) for .ARM.Collect$$rtexit$$00000003
    rtexit2.o(.ARM.exidx) refers to rtexit2.o(.ARM.Collect$$rtexit$$00000004) for .ARM.Collect$$rtexit$$00000004
    __raise.o(.text) refers to defsig.o(CL$$defsig) for __default_signal_handler
    defsig_general.o(.text) refers to sys_wrch.o(.text) for _ttywrch
    sys_wrch.o(.text) refers (Special) to use_no_semi.o(.text) for __I$use$semihosting
    sys_wrch.o(.text) refers (Special) to indicate_semi.o(.text) for __semihosting_library_function
    defsig.o(CL$$defsig) refers to defsig_fpe_inner.o(.text) for __rt_SIGFPE_inner
    defsig.o(CL$$defsig) refers to defsig_rtmem_inner.o(.text) for __rt_SIGRTMEM_inner
    _get_argv_nomalloc.o(.text) refers (Special) to hrguard.o(.text) for __heap_region$guard
    _get_argv_nomalloc.o(.text) refers to defsig_rtmem_outer.o(.text) for __rt_SIGRTMEM
    _get_argv_nomalloc.o(.text) refers to sys_command.o(.text) for _sys_command_string
    libshutdown.o(.ARM.Collect$$libshutdown$$00000000) refers (Special) to libshutdown2.o(.ARM.Collect$$libshutdown$$00000002) for __rt_lib_shutdown_cpp_1
    libshutdown.o(.ARM.Collect$$libshutdown$$00000000) refers (Special) to libshutdown2.o(.ARM.Collect$$libshutdown$$00000007) for __rt_lib_shutdown_fp_trap_1
    libshutdown.o(.ARM.Collect$$libshutdown$$00000000) refers (Special) to libshutdown2.o(.ARM.Collect$$libshutdown$$0000000F) for __rt_lib_shutdown_heap_1
    libshutdown.o(.ARM.Collect$$libshutdown$$00000000) refers (Special) to libshutdown2.o(.ARM.Collect$$libshutdown$$00000010) for __rt_lib_shutdown_return
    libshutdown.o(.ARM.Collect$$libshutdown$$00000000) refers (Special) to libshutdown2.o(.ARM.Collect$$libshutdown$$0000000A) for __rt_lib_shutdown_signal_1
    libshutdown.o(.ARM.Collect$$libshutdown$$00000000) refers (Special) to libshutdown2.o(.ARM.Collect$$libshutdown$$00000004) for __rt_lib_shutdown_stdio_1
    libshutdown.o(.ARM.Collect$$libshutdown$$00000000) refers (Special) to libshutdown2.o(.ARM.Collect$$libshutdown$$0000000C) for __rt_lib_shutdown_user_alloc_1
    sys_command.o(.text) refers (Special) to use_no_semi.o(.text) for __I$use$semihosting
    sys_command.o(.text) refers (Special) to indicate_semi.o(.text) for __semihosting_library_function
    defsig_abrt_inner.o(.text) refers to defsig_general.o(.text) for __default_signal_display
    defsig_rtred_inner.o(.text) refers to defsig_general.o(.text) for __default_signal_display
    defsig_rtmem_inner.o(.text) refers to defsig_general.o(.text) for __default_signal_display
    defsig_rtmem_outer.o(.text) refers to defsig_rtmem_inner.o(.text) for __rt_SIGRTMEM_inner
    defsig_rtmem_outer.o(.text) refers to defsig_exit.o(.text) for __sig_exit
    defsig_rtmem_formal.o(.text) refers to rt_raise.o(.text) for __rt_raise
    defsig_stak_inner.o(.text) refers to defsig_general.o(.text) for __default_signal_display
    defsig_pvfn_inner.o(.text) refers to defsig_general.o(.text) for __default_signal_display
    defsig_cppl_inner.o(.text) refers to defsig_general.o(.text) for __default_signal_display
    defsig_segv_inner.o(.text) refers to defsig_general.o(.text) for __default_signal_display
    defsig_other.o(.text) refers to defsig_general.o(.text) for __default_signal_display


==============================================================================

Removing Unused input sections from the image.

    Removing main.o(.rev16_text), (4 bytes).
    Removing main.o(.revsh_text), (4 bytes).
    Removing main.o(.constdata), (4 bytes).
    Removing ssd1306.o(.rev16_text), (4 bytes).
    Removing ssd1306.o(.revsh_text), (4 bytes).
    Removing ssd1306.o(i.Flip_mode), (44 bytes).
    Removing ssd1306.o(i.LCD_ClearStr), (90 bytes).
    Removing ssd1306.o(i.LCD_PrintBin), (94 bytes).
    Removing ssd1306.o(i.LCD_mode), (32 bytes).
    Removing ssd1306.o(i.scroll_area), (38 bytes).
    Removing ssd1306.o(i.scroll_vleft), (64 bytes).
    Removing ssd1306.o(i.scroll_vright), (64 bytes).
    Removing ssd1306.o(i.slide_left), (60 bytes).
    Removing ssd1306.o(i.slide_right), (60 bytes).
    Removing ssd1306.o(i.start_slide), (18 bytes).
    Removing ssd1306.o(i.stop_slide), (18 bytes).
    Removing lis3dh.o(.rev16_text), (4 bytes).
    Removing lis3dh.o(.revsh_text), (4 bytes).
    Removing lis3dh.o(i.Lis_TEMP_CMD), (60 bytes).
    Removing lis3dh.o(i.readLisADC), (140 bytes).
    Removing lis3dh.o(i.readLisTemp), (58 bytes).
    Removing lis3dh.o(i.readMulti), (332 bytes).
    Removing system_stm32f0xx.o(.rev16_text), (4 bytes).
    Removing system_stm32f0xx.o(.revsh_text), (4 bytes).
    Removing system_stm32f0xx.o(i.SystemCoreClockUpdate), (208 bytes).
    Removing system_stm32f0xx.o(.constdata), (24 bytes).
    Removing system_stm32f0xx.o(.data), (4 bytes).

27 unused section(s) (total 1444 bytes) removed from the image.

==============================================================================

Image Symbol Table

    Local Symbols

    Symbol Name                              Value     Ov Type        Size  Object(Section)

    ../clib/angel/boardlib.s                 0x00000000   Number         0  boardinit3.o ABSOLUTE
    ../clib/angel/boardlib.s                 0x00000000   Number         0  boardinit1.o ABSOLUTE
    ../clib/angel/boardlib.s                 0x00000000   Number         0  boardinit2.o ABSOLUTE
    ../clib/angel/boardlib.s                 0x00000000   Number         0  boardshut.o ABSOLUTE
    ../clib/angel/handlers.s                 0x00000000   Number         0  __scatter_zi.o ABSOLUTE
    ../clib/angel/handlers.s                 0x00000000   Number         0  __scatter_copy.o ABSOLUTE
    ../clib/angel/kernel.s                   0x00000000   Number         0  rtexit2.o ABSOLUTE
    ../clib/angel/kernel.s                   0x00000000   Number         0  __rtentry4.o ABSOLUTE
    ../clib/angel/kernel.s                   0x00000000   Number         0  __rtentry2.o ABSOLUTE
    ../clib/angel/kernel.s                   0x00000000   Number         0  __rtentry.o ABSOLUTE
    ../clib/angel/kernel.s                   0x00000000   Number         0  rtexit.o ABSOLUTE
    ../clib/angel/rt.s                       0x00000000   Number         0  rt_errno_addr.o ABSOLUTE
    ../clib/angel/rt.s                       0x00000000   Number         0  rt_errno_addr_intlibspace.o ABSOLUTE
    ../clib/angel/rt.s                       0x00000000   Number         0  aeabi_idiv0_sigfpe.o ABSOLUTE
    ../clib/angel/rt.s                       0x00000000   Number         0  aeabi_idiv0.o ABSOLUTE
    ../clib/angel/rt.s                       0x00000000   Number         0  rt_div0.o ABSOLUTE
    ../clib/angel/rt.s                       0x00000000   Number         0  rt_raise.o ABSOLUTE
    ../clib/angel/scatterp.s                 0x00000000   Number         0  __scatter.o ABSOLUTE
    ../clib/angel/startup.s                  0x00000000   Number         0  __main.o ABSOLUTE
    ../clib/angel/sys.s                      0x00000000   Number         0  tempstk.o ABSOLUTE
    ../clib/angel/sys.s                      0x00000000   Number         0  indicate_semi.o ABSOLUTE
    ../clib/angel/sys.s                      0x00000000   Number         0  use_no_semi.o ABSOLUTE
    ../clib/angel/sys.s                      0x00000000   Number         0  libspace.o ABSOLUTE
    ../clib/angel/sys.s                      0x00000000   Number         0  sys_stackheap_outer.o ABSOLUTE
    ../clib/angel/sysapp.c                   0x00000000   Number         0  sys_wrch.o ABSOLUTE
    ../clib/angel/sysapp.c                   0x00000000   Number         0  sys_exit.o ABSOLUTE
    ../clib/angel/sysapp.c                   0x00000000   Number         0  sys_command.o ABSOLUTE
    ../clib/armsys.c                         0x00000000   Number         0  no_argv.o ABSOLUTE
    ../clib/armsys.c                         0x00000000   Number         0  _get_argv_nomalloc.o ABSOLUTE
    ../clib/armsys.c                         0x00000000   Number         0  argv_veneer.o ABSOLUTE
    ../clib/division.s                       0x00000000   Number         0  aeabi_sdiv.o ABSOLUTE
    ../clib/division.s                       0x00000000   Number         0  aeabi_sdiv_div0.o ABSOLUTE
    ../clib/fenv.c                           0x00000000   Number         0  _rserrno.o ABSOLUTE
    ../clib/heapalloc.c                      0x00000000   Number         0  hrguard.o ABSOLUTE
    ../clib/heapaux.c                        0x00000000   Number         0  heapauxi.o ABSOLUTE
    ../clib/libinit.s                        0x00000000   Number         0  libshutdown2.o ABSOLUTE
    ../clib/libinit.s                        0x00000000   Number         0  libshutdown.o ABSOLUTE
    ../clib/libinit.s                        0x00000000   Number         0  libinit2.o ABSOLUTE
    ../clib/libinit.s                        0x00000000   Number         0  libinit.o ABSOLUTE
    ../clib/signal.c                         0x00000000   Number         0  defsig_fpe_outer.o ABSOLUTE
    ../clib/signal.c                         0x00000000   Number         0  defsig_rtmem_formal.o ABSOLUTE
    ../clib/signal.c                         0x00000000   Number         0  defsig_abrt_inner.o ABSOLUTE
    ../clib/signal.c                         0x00000000   Number         0  defsig_exit.o ABSOLUTE
    ../clib/signal.c                         0x00000000   Number         0  defsig_fpe_inner.o ABSOLUTE
    ../clib/signal.c                         0x00000000   Number         0  defsig_rtred_inner.o ABSOLUTE
    ../clib/signal.c                         0x00000000   Number         0  defsig_rtmem_inner.o ABSOLUTE
    ../clib/signal.c                         0x00000000   Number         0  defsig_rtmem_outer.o ABSOLUTE
    ../clib/signal.c                         0x00000000   Number         0  defsig_stak_inner.o ABSOLUTE
    ../clib/signal.c                         0x00000000   Number         0  defsig_pvfn_inner.o ABSOLUTE
    ../clib/signal.c                         0x00000000   Number         0  defsig_cppl_inner.o ABSOLUTE
    ../clib/signal.c                         0x00000000   Number         0  defsig_segv_inner.o ABSOLUTE
    ../clib/signal.c                         0x00000000   Number         0  defsig_general.o ABSOLUTE
    ../clib/signal.c                         0x00000000   Number         0  defsig_other.o ABSOLUTE
    ../clib/signal.c                         0x00000000   Number         0  __raise.o ABSOLUTE
    ../clib/signal.c                         0x00000000   Number         0  defsig_fpe_formal.o ABSOLUTE
    ../clib/signal.s                         0x00000000   Number         0  defsig.o ABSOLUTE
    ../clib/stdlib.c                         0x00000000   Number         0  exit.o ABSOLUTE
    ../fplib/cfplib/cmpret.c                 0x00000000   Number         0  cmpret.o ABSOLUTE
    ../fplib/cfplib/d2f.c                    0x00000000   Number         0  d2f.o ABSOLUTE
    ../fplib/cfplib/daddsub.c                0x00000000   Number         0  daddsub.o ABSOLUTE
    ../fplib/cfplib/dcmpin.c                 0x00000000   Number         0  dcmpin.o ABSOLUTE
    ../fplib/cfplib/ddiv.c                   0x00000000   Number         0  ddiv.o ABSOLUTE
    ../fplib/cfplib/dsqrt.c                  0x00000000   Number         0  dsqrt.o ABSOLUTE
    ../fplib/cfplib/f2d.c                    0x00000000   Number         0  f2d.o ABSOLUTE
    ../fplib/cfplib/fcmpin.c                 0x00000000   Number         0  fcmpin.o ABSOLUTE
    ../fplib/cfplib/ffix.c                   0x00000000   Number         0  dfixi.o ABSOLUTE
    ../fplib/cfplib/ffix.c                   0x00000000   Number         0  ffixi.o ABSOLUTE
    ../fplib/cfplib/fflt.c                   0x00000000   Number         0  fflti.o ABSOLUTE
    ../fplib/cfplib/fflt.c                   0x00000000   Number         0  dflti.o ABSOLUTE
    ../fplib/cfplib/fpinit.c                 0x00000000   Number         0  fpinit.o ABSOLUTE
    ../fplib/cfplib/nan2.c                   0x00000000   Number         0  dnan2.o ABSOLUTE
    ../fplib/cfplib/nan2.c                   0x00000000   Number         0  fnan2.o ABSOLUTE
    ../fplib/cfplib/retnan.c                 0x00000000   Number         0  retnan.o ABSOLUTE
    ../fplib/dleqf6m.s                       0x00000000   Number         0  dlef.o ABSOLUTE
    ../fplib/faddsub6m.s                     0x00000000   Number         0  faddsub.o ABSOLUTE
    ../fplib/fleqf6m.s                       0x00000000   Number         0  flef.o ABSOLUTE
    ../fplib/fmul6m.s                        0x00000000   Number         0  fmul.o ABSOLUTE
    ../fplib/frleqf6m.s                      0x00000000   Number         0  frlef.o ABSOLUTE
    ../fplib/usenofp.s                       0x00000000   Number         0  usenofp.o ABSOLUTE
    ../mathlib/sqrt.c                        0x00000000   Number         0  sqrt.o ABSOLUTE
    ../mathlib/sqrt.c                        0x00000000   Number         0  sqrt_x.o ABSOLUTE
    LIS3DH.c                                 0x00000000   Number         0  lis3dh.o ABSOLUTE
    LIS3DH.c                                 0x00000000   Number         0  lis3dh.o ABSOLUTE
    RTE\Device\STM32F042G4Ux\startup_stm32f042x6.s 0x00000000   Number         0  startup_stm32f042x6.o ABSOLUTE
    RTE\Device\STM32F042G4Ux\system_stm32f0xx.c 0x00000000   Number         0  system_stm32f0xx.o ABSOLUTE
    RTE\\Device\\STM32F042G4Ux\\system_stm32f0xx.c 0x00000000   Number         0  system_stm32f0xx.o ABSOLUTE
    SSD1306.c                                0x00000000   Number         0  ssd1306.o ABSOLUTE
    SSD1306.c                                0x00000000   Number         0  ssd1306.o ABSOLUTE
    dc.s                                     0x00000000   Number         0  dc.o ABSOLUTE
    main.c                                   0x00000000   Number         0  main.o ABSOLUTE
    main.c                                   0x00000000   Number         0  main.o ABSOLUTE
    RESET                                    0x08000000   Section      192  startup_stm32f042x6.o(RESET)
    !!!main                                  0x080000c0   Section        8  __main.o(!!!main)
    !!!scatter                               0x080000c8   Section       60  __scatter.o(!!!scatter)
    !!handler_copy                           0x08000104   Section       26  __scatter_copy.o(!!handler_copy)
    !!handler_zi                             0x08000120   Section       28  __scatter_zi.o(!!handler_zi)
    .ARM.Collect$$libinit$$00000000          0x0800013c   Section        2  libinit.o(.ARM.Collect$$libinit$$00000000)
    .ARM.Collect$$libinit$$00000002          0x0800013e   Section        0  libinit2.o(.ARM.Collect$$libinit$$00000002)
    .ARM.Collect$$libinit$$00000004          0x0800013e   Section        0  libinit2.o(.ARM.Collect$$libinit$$00000004)
    .ARM.Collect$$libinit$$0000000A          0x0800013e   Section        0  libinit2.o(.ARM.Collect$$libinit$$0000000A)
    .ARM.Collect$$libinit$$0000000C          0x0800013e   Section        0  libinit2.o(.ARM.Collect$$libinit$$0000000C)
    .ARM.Collect$$libinit$$0000000E          0x0800013e   Section        0  libinit2.o(.ARM.Collect$$libinit$$0000000E)
    .ARM.Collect$$libinit$$00000011          0x0800013e   Section        0  libinit2.o(.ARM.Collect$$libinit$$00000011)
    .ARM.Collect$$libinit$$00000013          0x0800013e   Section        0  libinit2.o(.ARM.Collect$$libinit$$00000013)
    .ARM.Collect$$libinit$$00000015          0x0800013e   Section        0  libinit2.o(.ARM.Collect$$libinit$$00000015)
    .ARM.Collect$$libinit$$00000017          0x0800013e   Section        0  libinit2.o(.ARM.Collect$$libinit$$00000017)
    .ARM.Collect$$libinit$$00000019          0x0800013e   Section        0  libinit2.o(.ARM.Collect$$libinit$$00000019)
    .ARM.Collect$$libinit$$0000001B          0x0800013e   Section        0  libinit2.o(.ARM.Collect$$libinit$$0000001B)
    .ARM.Collect$$libinit$$0000001D          0x0800013e   Section        0  libinit2.o(.ARM.Collect$$libinit$$0000001D)
    .ARM.Collect$$libinit$$0000001F          0x0800013e   Section        0  libinit2.o(.ARM.Collect$$libinit$$0000001F)
    .ARM.Collect$$libinit$$00000021          0x0800013e   Section        0  libinit2.o(.ARM.Collect$$libinit$$00000021)
    .ARM.Collect$$libinit$$00000023          0x0800013e   Section        0  libinit2.o(.ARM.Collect$$libinit$$00000023)
    .ARM.Collect$$libinit$$00000025          0x0800013e   Section        0  libinit2.o(.ARM.Collect$$libinit$$00000025)
    .ARM.Collect$$libinit$$0000002C          0x0800013e   Section        0  libinit2.o(.ARM.Collect$$libinit$$0000002C)
    .ARM.Collect$$libinit$$0000002E          0x0800013e   Section        0  libinit2.o(.ARM.Collect$$libinit$$0000002E)
    .ARM.Collect$$libinit$$00000030          0x0800013e   Section        0  libinit2.o(.ARM.Collect$$libinit$$00000030)
    .ARM.Collect$$libinit$$00000032          0x0800013e   Section        0  libinit2.o(.ARM.Collect$$libinit$$00000032)
    .ARM.Collect$$libinit$$00000033          0x0800013e   Section        2  libinit2.o(.ARM.Collect$$libinit$$00000033)
    .ARM.Collect$$libshutdown$$00000000      0x08000140   Section        2  libshutdown.o(.ARM.Collect$$libshutdown$$00000000)
    .ARM.Collect$$libshutdown$$00000002      0x08000142   Section        0  libshutdown2.o(.ARM.Collect$$libshutdown$$00000002)
    .ARM.Collect$$libshutdown$$00000004      0x08000142   Section        0  libshutdown2.o(.ARM.Collect$$libshutdown$$00000004)
    .ARM.Collect$$libshutdown$$00000007      0x08000142   Section        0  libshutdown2.o(.ARM.Collect$$libshutdown$$00000007)
    .ARM.Collect$$libshutdown$$0000000A      0x08000142   Section        0  libshutdown2.o(.ARM.Collect$$libshutdown$$0000000A)
    .ARM.Collect$$libshutdown$$0000000C      0x08000142   Section        0  libshutdown2.o(.ARM.Collect$$libshutdown$$0000000C)
    .ARM.Collect$$libshutdown$$0000000F      0x08000142   Section        0  libshutdown2.o(.ARM.Collect$$libshutdown$$0000000F)
    .ARM.Collect$$libshutdown$$00000010      0x08000142   Section        2  libshutdown2.o(.ARM.Collect$$libshutdown$$00000010)
    .ARM.Collect$$rtentry$$00000000          0x08000144   Section        0  __rtentry.o(.ARM.Collect$$rtentry$$00000000)
    .ARM.Collect$$rtentry$$00000002          0x08000144   Section        0  __rtentry2.o(.ARM.Collect$$rtentry$$00000002)
    .ARM.Collect$$rtentry$$00000004          0x08000144   Section        6  __rtentry4.o(.ARM.Collect$$rtentry$$00000004)
    .ARM.Collect$$rtentry$$00000009          0x0800014a   Section        0  __rtentry2.o(.ARM.Collect$$rtentry$$00000009)
    .ARM.Collect$$rtentry$$0000000A          0x0800014a   Section        4  __rtentry2.o(.ARM.Collect$$rtentry$$0000000A)
    .ARM.Collect$$rtentry$$0000000C          0x0800014e   Section        0  __rtentry2.o(.ARM.Collect$$rtentry$$0000000C)
    .ARM.Collect$$rtentry$$0000000D          0x0800014e   Section        8  __rtentry2.o(.ARM.Collect$$rtentry$$0000000D)
    .ARM.Collect$$rtexit$$00000000           0x08000156   Section        2  rtexit.o(.ARM.Collect$$rtexit$$00000000)
    .ARM.Collect$$rtexit$$00000002           0x08000158   Section        0  rtexit2.o(.ARM.Collect$$rtexit$$00000002)
    .ARM.Collect$$rtexit$$00000003           0x08000158   Section        4  rtexit2.o(.ARM.Collect$$rtexit$$00000003)
    .ARM.Collect$$rtexit$$00000004           0x0800015c   Section        6  rtexit2.o(.ARM.Collect$$rtexit$$00000004)
    .text                                    0x08000164   Section      116  startup_stm32f042x6.o(.text)
    .text                                    0x080001d8   Section      346  aeabi_sdiv.o(.text)
    .text                                    0x08000332   Section        0  heapauxi.o(.text)
    .text                                    0x08000338   Section        0  d2f.o(.text)
    .text                                    0x080003b4   Section        0  daddsub.o(.text)
    _dadd1                                   0x080003b5   Thumb Code   290  daddsub.o(.text)
    _dsub1                                   0x080004d7   Thumb Code   470  daddsub.o(.text)
    .text                                    0x0800070c   Section        0  ddiv.o(.text)
    .text                                    0x08000b54   Section        0  dfixi.o(.text)
    .text                                    0x08000bc0   Section        0  dflti.o(.text)
    .text                                    0x08000c18   Section        0  f2d.o(.text)
    .text                                    0x08000c6c   Section        0  ffixi.o(.text)
    .text                                    0x08000cb8   Section        0  fflti.o(.text)
    .text                                    0x08000d16   Section        0  _rserrno.o(.text)
    .text                                    0x08000d2c   Section        0  dsqrt.o(.text)
    .text                                    0x08000e2c   Section        0  fcmpin.o(.text)
    .text                                    0x08000e90   Section        8  rt_errno_addr_intlibspace.o(.text)
    .text                                    0x08000e98   Section        0  cmpret.o(.text)
    .text                                    0x08000ec8   Section        0  fnan2.o(.text)
    .text                                    0x08000ed8   Section        8  libspace.o(.text)
    .text                                    0x08000ee0   Section       62  sys_stackheap_outer.o(.text)
    .text                                    0x08000f1e   Section        0  exit.o(.text)
    .text                                    0x08000f2e   Section        0  retnan.o(.text)
    .text                                    0x08000f8c   Section        0  sys_exit.o(.text)
    .text                                    0x08000f98   Section        2  use_no_semi.o(.text)
    .text                                    0x08000f9a   Section        0  indicate_semi.o(.text)
    i.CMD                                    0x08000f9a   Section        0  ssd1306.o(i.CMD)
    i.I2C_Start                              0x08000fac   Section        0  ssd1306.o(i.I2C_Start)
    i.I2C_Stop                               0x08000ff0   Section        0  ssd1306.o(i.I2C_Stop)
    i.I2C_write                              0x08001034   Section        0  ssd1306.o(i.I2C_write)
    i.LCD_Char                               0x08001064   Section        0  ssd1306.o(i.LCD_Char)
    i.LCD_Clear                              0x080010c4   Section        0  ssd1306.o(i.LCD_Clear)
    i.LCD_Gotoxy                             0x08001100   Section        0  ssd1306.o(i.LCD_Gotoxy)
    i.LCD_Init                               0x0800113c   Section        0  ssd1306.o(i.LCD_Init)
    i.LCD_PrintDec                           0x08001168   Section        0  ssd1306.o(i.LCD_PrintDec)
    i.LCD_PrintHex                           0x080011e4   Section        0  ssd1306.o(i.LCD_PrintHex)
    i.LCD_PrintStr                           0x0800126e   Section        0  ssd1306.o(i.LCD_PrintStr)
    i.Lis_ADC_CMD                            0x08001288   Section        0  lis3dh.o(i.Lis_ADC_CMD)
    i.SPI_Read                               0x080012c4   Section        0  lis3dh.o(i.SPI_Read)
    i.SPI_Read_Multi                         0x08001358   Section        0  lis3dh.o(i.SPI_Read_Multi)
    i.SPI_Write                              0x080013fc   Section        0  lis3dh.o(i.SPI_Write)
    i.SystemInit                             0x08001490   Section        0  system_stm32f0xx.o(i.SystemInit)
    i.TIM17_IRQHandler                       0x08001504   Section        0  main.o(i.TIM17_IRQHandler)
    i.TIM2_IRQHandler                        0x08001528   Section        0  main.o(i.TIM2_IRQHandler)
    i.TimingDelayDec                         0x08001530   Section        0  main.o(i.TimingDelayDec)
    i.WaitISRBitSet                          0x080015b0   Section        0  ssd1306.o(i.WaitISRBitSet)
    WaitISRBitSet                            0x080015b1   Thumb Code    66  ssd1306.o(i.WaitISRBitSet)
    i.__NVIC_SetPriority                     0x080015fc   Section        0  main.o(i.__NVIC_SetPriority)
    __NVIC_SetPriority                       0x080015fd   Thumb Code   110  main.o(i.__NVIC_SetPriority)
    i.delay_ms                               0x08001674   Section        0  main.o(i.delay_ms)
    i.init_lis3dh                            0x08001688   Section        0  lis3dh.o(i.init_lis3dh)
    i.initial                                0x0800173c   Section        0  main.o(i.initial)
    i.kalman_filter                          0x08001934   Section        0  main.o(i.kalman_filter)
    i.main                                   0x08001be8   Section        0  main.o(i.main)
    i.readLisData                            0x08001e80   Section        0  lis3dh.o(i.readLisData)
    i.readReg8                               0x08001f44   Section        0  lis3dh.o(i.readReg8)
    i.sqrt                                   0x08002080   Section        0  sqrt.o(i.sqrt)
    i.writeReg8                              0x080020c8   Section        0  lis3dh.o(i.writeReg8)
    x$fpl$fadd                               0x08002180   Section      140  faddsub.o(x$fpl$fadd)
    _fadd1                                   0x0800218d   Thumb Code     0  faddsub.o(x$fpl$fadd)
    x$fpl$fleqf                              0x0800220c   Section       84  flef.o(x$fpl$fleqf)
    x$fpl$fmul                               0x08002260   Section      176  fmul.o(x$fpl$fmul)
    x$fpl$frleqf                             0x08002310   Section       88  frlef.o(x$fpl$frleqf)
    x$fpl$fsub                               0x08002368   Section      208  faddsub.o(x$fpl$fsub)
    _fsub1                                   0x08002375   Thumb Code     0  faddsub.o(x$fpl$fsub)
    .constdata                               0x08002438   Section     1138  ssd1306.o(.constdata)
    x$fpl$usenofp                            0x08002438   Section        0  usenofp.o(x$fpl$usenofp)
    .constdata                               0x080028aa   Section      128  ddiv.o(.constdata)
    ddiv_reciptbl                            0x080028aa   Data         128  ddiv.o(.constdata)
    .data                                    0x20000000   Section       80  main.o(.data)
    .bss                                     0x20000050   Section       32  main.o(.bss)
    .bss                                     0x20000070   Section       96  libspace.o(.bss)
    HEAP                                     0x200000d0   Section      512  startup_stm32f042x6.o(HEAP)
    Heap_Mem                                 0x200000d0   Data         512  startup_stm32f042x6.o(HEAP)
    STACK                                    0x200002d0   Section     1024  startup_stm32f042x6.o(STACK)
    Stack_Mem                                0x200002d0   Data        1024  startup_stm32f042x6.o(STACK)
    __initial_sp                             0x200006d0   Data           0  startup_stm32f042x6.o(STACK)

    Global Symbols

    Symbol Name                              Value     Ov Type        Size  Object(Section)

    BuildAttributes$$THM_ISAv3M$S$PE$A:L22$X:L11$S22$IEEE1$IW$USESV6$~STKCKD$USESV7$~SHL$OTIME$ROPI$IEEEJ$EBA8$UX$STANDARDLIB$REQ8$PRES8$EABIv2 0x00000000   Number         0  anon$$obj.o ABSOLUTE
    __ARM_use_no_argv                        0x00000000   Number         0  main.o ABSOLUTE
    __ARM_exceptions_init                     - Undefined Weak Reference
    __alloca_initialize                       - Undefined Weak Reference
    __arm_preinit_                            - Undefined Weak Reference
    __cpp_initialize__aeabi_                  - Undefined Weak Reference
    __cxa_finalize                            - Undefined Weak Reference
    __rt_locale                               - Undefined Weak Reference
    __sigvec_lookup                           - Undefined Weak Reference
    _atexit_init                              - Undefined Weak Reference
    _call_atexit_fns                          - Undefined Weak Reference
    _clock_init                               - Undefined Weak Reference
    _fp_trap_init                             - Undefined Weak Reference
    _fp_trap_shutdown                         - Undefined Weak Reference
    _get_lc_collate                           - Undefined Weak Reference
    _get_lc_ctype                             - Undefined Weak Reference
    _get_lc_monetary                          - Undefined Weak Reference
    _get_lc_numeric                           - Undefined Weak Reference
    _get_lc_time                              - Undefined Weak Reference
    _getenv_init                              - Undefined Weak Reference
    _handle_redirection                       - Undefined Weak Reference
    _init_alloc                               - Undefined Weak Reference
    _init_user_alloc                          - Undefined Weak Reference
    _initio                                   - Undefined Weak Reference
    _rand_init                                - Undefined Weak Reference
    _signal_finish                            - Undefined Weak Reference
    _signal_init                              - Undefined Weak Reference
    _terminate_alloc                          - Undefined Weak Reference
    _terminate_user_alloc                     - Undefined Weak Reference
    _terminateio                              - Undefined Weak Reference
    __Vectors_Size                           0x000000c0   Number         0  startup_stm32f042x6.o ABSOLUTE
    __Vectors                                0x08000000   Data           4  startup_stm32f042x6.o(RESET)
    __Vectors_End                            0x080000c0   Data           0  startup_stm32f042x6.o(RESET)
    __main                                   0x080000c1   Thumb Code     8  __main.o(!!!main)
    __scatterload                            0x080000c9   Thumb Code     0  __scatter.o(!!!scatter)
    __scatterload_rt2                        0x080000c9   Thumb Code    52  __scatter.o(!!!scatter)
    __scatterload_rt2_thumb_only             0x080000c9   Thumb Code     0  __scatter.o(!!!scatter)
    __scatterload_null                       0x080000d9   Thumb Code     0  __scatter.o(!!!scatter)
    __scatterload_copy                       0x08000105   Thumb Code    26  __scatter_copy.o(!!handler_copy)
    __scatterload_zeroinit                   0x08000121   Thumb Code    28  __scatter_zi.o(!!handler_zi)
    __rt_lib_init                            0x0800013d   Thumb Code     0  libinit.o(.ARM.Collect$$libinit$$00000000)
    __rt_lib_init_alloca_1                   0x0800013f   Thumb Code     0  libinit2.o(.ARM.Collect$$libinit$$0000002E)
    __rt_lib_init_argv_1                     0x0800013f   Thumb Code     0  libinit2.o(.ARM.Collect$$libinit$$0000002C)
    __rt_lib_init_atexit_1                   0x0800013f   Thumb Code     0  libinit2.o(.ARM.Collect$$libinit$$0000001B)
    __rt_lib_init_clock_1                    0x0800013f   Thumb Code     0  libinit2.o(.ARM.Collect$$libinit$$00000021)
    __rt_lib_init_cpp_1                      0x0800013f   Thumb Code     0  libinit2.o(.ARM.Collect$$libinit$$00000032)
    __rt_lib_init_exceptions_1               0x0800013f   Thumb Code     0  libinit2.o(.ARM.Collect$$libinit$$00000030)
    __rt_lib_init_fp_1                       0x0800013f   Thumb Code     0  libinit2.o(.ARM.Collect$$libinit$$00000002)
    __rt_lib_init_fp_trap_1                  0x0800013f   Thumb Code     0  libinit2.o(.ARM.Collect$$libinit$$0000001F)
    __rt_lib_init_getenv_1                   0x0800013f   Thumb Code     0  libinit2.o(.ARM.Collect$$libinit$$00000023)
    __rt_lib_init_heap_1                     0x0800013f   Thumb Code     0  libinit2.o(.ARM.Collect$$libinit$$0000000A)
    __rt_lib_init_lc_collate_1               0x0800013f   Thumb Code     0  libinit2.o(.ARM.Collect$$libinit$$00000011)
    __rt_lib_init_lc_ctype_1                 0x0800013f   Thumb Code     0  libinit2.o(.ARM.Collect$$libinit$$00000013)
    __rt_lib_init_lc_monetary_1              0x0800013f   Thumb Code     0  libinit2.o(.ARM.Collect$$libinit$$00000015)
    __rt_lib_init_lc_numeric_1               0x0800013f   Thumb Code     0  libinit2.o(.ARM.Collect$$libinit$$00000017)
    __rt_lib_init_lc_time_1                  0x0800013f   Thumb Code     0  libinit2.o(.ARM.Collect$$libinit$$00000019)
    __rt_lib_init_preinit_1                  0x0800013f   Thumb Code     0  libinit2.o(.ARM.Collect$$libinit$$00000004)
    __rt_lib_init_rand_1                     0x0800013f   Thumb Code     0  libinit2.o(.ARM.Collect$$libinit$$0000000E)
    __rt_lib_init_return                     0x0800013f   Thumb Code     0  libinit2.o(.ARM.Collect$$libinit$$00000033)
    __rt_lib_init_signal_1                   0x0800013f   Thumb Code     0  libinit2.o(.ARM.Collect$$libinit$$0000001D)
    __rt_lib_init_stdio_1                    0x0800013f   Thumb Code     0  libinit2.o(.ARM.Collect$$libinit$$00000025)
    __rt_lib_init_user_alloc_1               0x0800013f   Thumb Code     0  libinit2.o(.ARM.Collect$$libinit$$0000000C)
    __rt_lib_shutdown                        0x08000141   Thumb Code     0  libshutdown.o(.ARM.Collect$$libshutdown$$00000000)
    __rt_lib_shutdown_cpp_1                  0x08000143   Thumb Code     0  libshutdown2.o(.ARM.Collect$$libshutdown$$00000002)
    __rt_lib_shutdown_fp_trap_1              0x08000143   Thumb Code     0  libshutdown2.o(.ARM.Collect$$libshutdown$$00000007)
    __rt_lib_shutdown_heap_1                 0x08000143   Thumb Code     0  libshutdown2.o(.ARM.Collect$$libshutdown$$0000000F)
    __rt_lib_shutdown_return                 0x08000143   Thumb Code     0  libshutdown2.o(.ARM.Collect$$libshutdown$$00000010)
    __rt_lib_shutdown_signal_1               0x08000143   Thumb Code     0  libshutdown2.o(.ARM.Collect$$libshutdown$$0000000A)
    __rt_lib_shutdown_stdio_1                0x08000143   Thumb Code     0  libshutdown2.o(.ARM.Collect$$libshutdown$$00000004)
    __rt_lib_shutdown_user_alloc_1           0x08000143   Thumb Code     0  libshutdown2.o(.ARM.Collect$$libshutdown$$0000000C)
    __rt_entry                               0x08000145   Thumb Code     0  __rtentry.o(.ARM.Collect$$rtentry$$00000000)
    __rt_entry_presh_1                       0x08000145   Thumb Code     0  __rtentry2.o(.ARM.Collect$$rtentry$$00000002)
    __rt_entry_sh                            0x08000145   Thumb Code     0  __rtentry4.o(.ARM.Collect$$rtentry$$00000004)
    __rt_entry_li                            0x0800014b   Thumb Code     0  __rtentry2.o(.ARM.Collect$$rtentry$$0000000A)
    __rt_entry_postsh_1                      0x0800014b   Thumb Code     0  __rtentry2.o(.ARM.Collect$$rtentry$$00000009)
    __rt_entry_main                          0x0800014f   Thumb Code     0  __rtentry2.o(.ARM.Collect$$rtentry$$0000000D)
    __rt_entry_postli_1                      0x0800014f   Thumb Code     0  __rtentry2.o(.ARM.Collect$$rtentry$$0000000C)
    __rt_exit                                0x08000157   Thumb Code     0  rtexit.o(.ARM.Collect$$rtexit$$00000000)
    __rt_exit_ls                             0x08000159   Thumb Code     0  rtexit2.o(.ARM.Collect$$rtexit$$00000003)
    __rt_exit_prels_1                        0x08000159   Thumb Code     0  rtexit2.o(.ARM.Collect$$rtexit$$00000002)
    __rt_exit_exit                           0x0800015d   Thumb Code     0  rtexit2.o(.ARM.Collect$$rtexit$$00000004)
    Reset_Handler                            0x08000165   Thumb Code    38  startup_stm32f042x6.o(.text)
    NMI_Handler                              0x0800018b   Thumb Code     2  startup_stm32f042x6.o(.text)
    HardFault_Handler                        0x0800018d   Thumb Code     2  startup_stm32f042x6.o(.text)
    SVC_Handler                              0x0800018f   Thumb Code     2  startup_stm32f042x6.o(.text)
    PendSV_Handler                           0x08000191   Thumb Code     2  startup_stm32f042x6.o(.text)
    SysTick_Handler                          0x08000193   Thumb Code     2  startup_stm32f042x6.o(.text)
    ADC1_IRQHandler                          0x08000195   Thumb Code     0  startup_stm32f042x6.o(.text)
    CEC_CAN_IRQHandler                       0x08000195   Thumb Code     0  startup_stm32f042x6.o(.text)
    DMA1_Channel1_IRQHandler                 0x08000195   Thumb Code     0  startup_stm32f042x6.o(.text)
    DMA1_Channel2_3_IRQHandler               0x08000195   Thumb Code     0  startup_stm32f042x6.o(.text)
    DMA1_Channel4_5_IRQHandler               0x08000195   Thumb Code     0  startup_stm32f042x6.o(.text)
    EXTI0_1_IRQHandler                       0x08000195   Thumb Code     0  startup_stm32f042x6.o(.text)
    EXTI2_3_IRQHandler                       0x08000195   Thumb Code     0  startup_stm32f042x6.o(.text)
    EXTI4_15_IRQHandler                      0x08000195   Thumb Code     0  startup_stm32f042x6.o(.text)
    FLASH_IRQHandler                         0x08000195   Thumb Code     0  startup_stm32f042x6.o(.text)
    I2C1_IRQHandler                          0x08000195   Thumb Code     0  startup_stm32f042x6.o(.text)
    PVD_VDDIO2_IRQHandler                    0x08000195   Thumb Code     0  startup_stm32f042x6.o(.text)
    RCC_CRS_IRQHandler                       0x08000195   Thumb Code     0  startup_stm32f042x6.o(.text)
    RTC_IRQHandler                           0x08000195   Thumb Code     0  startup_stm32f042x6.o(.text)
    SPI1_IRQHandler                          0x08000195   Thumb Code     0  startup_stm32f042x6.o(.text)
    SPI2_IRQHandler                          0x08000195   Thumb Code     0  startup_stm32f042x6.o(.text)
    TIM14_IRQHandler                         0x08000195   Thumb Code     0  startup_stm32f042x6.o(.text)
    TIM16_IRQHandler                         0x08000195   Thumb Code     0  startup_stm32f042x6.o(.text)
    TIM1_BRK_UP_TRG_COM_IRQHandler           0x08000195   Thumb Code     0  startup_stm32f042x6.o(.text)
    TIM1_CC_IRQHandler                       0x08000195   Thumb Code     0  startup_stm32f042x6.o(.text)
    TIM3_IRQHandler                          0x08000195   Thumb Code     0  startup_stm32f042x6.o(.text)
    TSC_IRQHandler                           0x08000195   Thumb Code     0  startup_stm32f042x6.o(.text)
    USART1_IRQHandler                        0x08000195   Thumb Code     0  startup_stm32f042x6.o(.text)
    USART2_IRQHandler                        0x08000195   Thumb Code     0  startup_stm32f042x6.o(.text)
    USB_IRQHandler                           0x08000195   Thumb Code     0  startup_stm32f042x6.o(.text)
    WWDG_IRQHandler                          0x08000195   Thumb Code     0  startup_stm32f042x6.o(.text)
    __user_initial_stackheap                 0x08000199   Thumb Code     0  startup_stm32f042x6.o(.text)
    __aeabi_uidiv                            0x080001d9   Thumb Code     0  aeabi_sdiv.o(.text)
    __aeabi_uidivmod                         0x080001d9   Thumb Code    20  aeabi_sdiv.o(.text)
    __aeabi_idiv                             0x080001ed   Thumb Code     0  aeabi_sdiv.o(.text)
    __aeabi_idivmod                          0x080001ed   Thumb Code   326  aeabi_sdiv.o(.text)
    __use_two_region_memory                  0x08000333   Thumb Code     2  heapauxi.o(.text)
    __rt_heap_escrow$2region                 0x08000335   Thumb Code     2  heapauxi.o(.text)
    __rt_heap_expand$2region                 0x08000337   Thumb Code     2  heapauxi.o(.text)
    __aeabi_d2f                              0x08000339   Thumb Code     0  d2f.o(.text)
    _d2f                                     0x08000339   Thumb Code   120  d2f.o(.text)
    __aeabi_dadd                             0x080006ad   Thumb Code     0  daddsub.o(.text)
    _dadd                                    0x080006ad   Thumb Code    26  daddsub.o(.text)
    __aeabi_dsub                             0x080006c7   Thumb Code     0  daddsub.o(.text)
    _dsub                                    0x080006c7   Thumb Code    22  daddsub.o(.text)
    __aeabi_drsub                            0x080006dd   Thumb Code     0  daddsub.o(.text)
    _drsb                                    0x080006dd   Thumb Code    28  daddsub.o(.text)
    __aeabi_ddiv                             0x0800070d   Thumb Code     0  ddiv.o(.text)
    _ddiv                                    0x0800070d   Thumb Code  1072  ddiv.o(.text)
    _drdiv                                   0x08000b3d   Thumb Code    20  ddiv.o(.text)
    __aeabi_d2iz                             0x08000b55   Thumb Code     0  dfixi.o(.text)
    _dfix                                    0x08000b55   Thumb Code    98  dfixi.o(.text)
    __aeabi_i2d_normalise                    0x08000bc1   Thumb Code    66  dflti.o(.text)
    __aeabi_i2d                              0x08000c03   Thumb Code    16  dflti.o(.text)
    _dflt                                    0x08000c03   Thumb Code     0  dflti.o(.text)
    __aeabi_ui2d                             0x08000c13   Thumb Code     6  dflti.o(.text)
    _dfltu                                   0x08000c13   Thumb Code     0  dflti.o(.text)
    __aeabi_f2d                              0x08000c19   Thumb Code     0  f2d.o(.text)
    _f2d                                     0x08000c19   Thumb Code    80  f2d.o(.text)
    __aeabi_f2iz                             0x08000c6d   Thumb Code     0  ffixi.o(.text)
    _ffix                                    0x08000c6d   Thumb Code    76  ffixi.o(.text)
    __aeabi_i2f_normalise                    0x08000cb9   Thumb Code    72  fflti.o(.text)
    __aeabi_i2f                              0x08000d01   Thumb Code    16  fflti.o(.text)
    _fflt                                    0x08000d01   Thumb Code     0  fflti.o(.text)
    __aeabi_ui2f                             0x08000d11   Thumb Code     6  fflti.o(.text)
    _ffltu                                   0x08000d11   Thumb Code     0  fflti.o(.text)
    __read_errno                             0x08000d17   Thumb Code    10  _rserrno.o(.text)
    __set_errno                              0x08000d21   Thumb Code    12  _rserrno.o(.text)
    _dsqrt                                   0x08000d2d   Thumb Code   248  dsqrt.o(.text)
    __fpl_fcmp_InfNaN                        0x08000e2d   Thumb Code    96  fcmpin.o(.text)
    __aeabi_errno_addr                       0x08000e91   Thumb Code     8  rt_errno_addr_intlibspace.o(.text)
    __errno$intlibspace                      0x08000e91   Thumb Code     0  rt_errno_addr_intlibspace.o(.text)
    __rt_errno_addr$intlibspace              0x08000e91   Thumb Code     0  rt_errno_addr_intlibspace.o(.text)
    __fpl_cmpreturn                          0x08000e99   Thumb Code    46  cmpret.o(.text)
    __fpl_fcheck_NaN2                        0x08000ec9   Thumb Code    10  fnan2.o(.text)
    __user_libspace                          0x08000ed9   Thumb Code     8  libspace.o(.text)
    __user_perproc_libspace                  0x08000ed9   Thumb Code     0  libspace.o(.text)
    __user_perthread_libspace                0x08000ed9   Thumb Code     0  libspace.o(.text)
    __user_setup_stackheap                   0x08000ee1   Thumb Code    62  sys_stackheap_outer.o(.text)
    exit                                     0x08000f1f   Thumb Code    16  exit.o(.text)
    __fpl_return_NaN                         0x08000f2f   Thumb Code    94  retnan.o(.text)
    _sys_exit                                0x08000f8d   Thumb Code     8  sys_exit.o(.text)
    __I$use$semihosting                      0x08000f99   Thumb Code     0  use_no_semi.o(.text)
    __use_no_semihosting_swi                 0x08000f99   Thumb Code     2  use_no_semi.o(.text)
    CMD                                      0x08000f9b   Thumb Code    18  ssd1306.o(i.CMD)
    __semihosting_library_function           0x08000f9b   Thumb Code     0  indicate_semi.o(.text)
    I2C_Start                                0x08000fad   Thumb Code    56  ssd1306.o(i.I2C_Start)
    I2C_Stop                                 0x08000ff1   Thumb Code    64  ssd1306.o(i.I2C_Stop)
    I2C_write                                0x08001035   Thumb Code    42  ssd1306.o(i.I2C_write)
    LCD_Char                                 0x08001065   Thumb Code    90  ssd1306.o(i.LCD_Char)
    LCD_Clear                                0x080010c5   Thumb Code    60  ssd1306.o(i.LCD_Clear)
    LCD_Gotoxy                               0x08001101   Thumb Code    58  ssd1306.o(i.LCD_Gotoxy)
    LCD_Init                                 0x0800113d   Thumb Code    38  ssd1306.o(i.LCD_Init)
    LCD_PrintDec                             0x08001169   Thumb Code   124  ssd1306.o(i.LCD_PrintDec)
    LCD_PrintHex                             0x080011e5   Thumb Code   138  ssd1306.o(i.LCD_PrintHex)
    LCD_PrintStr                             0x0800126f   Thumb Code    26  ssd1306.o(i.LCD_PrintStr)
    Lis_ADC_CMD                              0x08001289   Thumb Code    60  lis3dh.o(i.Lis_ADC_CMD)
    SPI_Read                                 0x080012c5   Thumb Code   142  lis3dh.o(i.SPI_Read)
    SPI_Read_Multi                           0x08001359   Thumb Code   160  lis3dh.o(i.SPI_Read_Multi)
    SPI_Write                                0x080013fd   Thumb Code   142  lis3dh.o(i.SPI_Write)
    SystemInit                               0x08001491   Thumb Code   104  system_stm32f0xx.o(i.SystemInit)
    TIM17_IRQHandler                         0x08001505   Thumb Code    32  main.o(i.TIM17_IRQHandler)
    TIM2_IRQHandler                          0x08001529   Thumb Code     8  main.o(i.TIM2_IRQHandler)
    TimingDelayDec                           0x08001531   Thumb Code   102  main.o(i.TimingDelayDec)
    delay_ms                                 0x08001675   Thumb Code    16  main.o(i.delay_ms)
    init_lis3dh                              0x08001689   Thumb Code   170  lis3dh.o(i.init_lis3dh)
    initial                                  0x0800173d   Thumb Code   470  main.o(i.initial)
    kalman_filter                            0x08001935   Thumb Code   612  main.o(i.kalman_filter)
    main                                     0x08001be9   Thumb Code   552  main.o(i.main)
    readLisData                              0x08001e81   Thumb Code   196  lis3dh.o(i.readLisData)
    readReg8                                 0x08001f45   Thumb Code   294  lis3dh.o(i.readReg8)
    sqrt                                     0x08002081   Thumb Code    66  sqrt.o(i.sqrt)
    writeReg8                                0x080020c9   Thumb Code   172  lis3dh.o(i.writeReg8)
    __aeabi_fadd                             0x08002181   Thumb Code     0  faddsub.o(x$fpl$fadd)
    _fadd                                    0x08002181   Thumb Code   134  faddsub.o(x$fpl$fadd)
    __aeabi_cfcmple                          0x0800220d   Thumb Code     0  flef.o(x$fpl$fleqf)
    _fcmple                                  0x0800220d   Thumb Code    78  flef.o(x$fpl$fleqf)
    __aeabi_fmul                             0x08002261   Thumb Code     0  fmul.o(x$fpl$fmul)
    _fmul                                    0x08002261   Thumb Code   172  fmul.o(x$fpl$fmul)
    __aeabi_cfrcmple                         0x08002311   Thumb Code     0  frlef.o(x$fpl$frleqf)
    _frcmple                                 0x08002311   Thumb Code    84  frlef.o(x$fpl$frleqf)
    __aeabi_fsub                             0x08002369   Thumb Code     0  faddsub.o(x$fpl$fsub)
    _fsub                                    0x08002369   Thumb Code   204  faddsub.o(x$fpl$fsub)
    __I$use$fp                               0x08002438   Number         0  usenofp.o(x$fpl$usenofp)
    init_lcd                                 0x08002438   Data          18  ssd1306.o(.constdata)
    font                                     0x0800244a   Data        1120  ssd1306.o(.constdata)
    Region$$Table$$Base                      0x0800292c   Number         0  anon$$obj.o(Region$$Table)
    Region$$Table$$Limit                     0x0800294c   Number         0  anon$$obj.o(Region$$Table)
    i                                        0x20000000   Data           1  main.o(.data)
    j                                        0x20000001   Data           1  main.o(.data)
    flag                                     0x20000002   Data           1  main.o(.data)
    TimingDelay                              0x20000004   Data           2  main.o(.data)
    led_count                                0x20000006   Data           2  main.o(.data)
    sec01_count                              0x20000008   Data           2  main.o(.data)
    sec01_f                                  0x2000000a   Data           2  main.o(.data)
    sec05_f                                  0x2000000c   Data           2  main.o(.data)
    s                                        0x2000000e   Data           2  main.o(.data)
    counter                                  0x20000010   Data           2  main.o(.data)
    kalman_newx                              0x20000014   Data           4  main.o(.data)
    kalman_newy                              0x20000018   Data           4  main.o(.data)
    kalman_newz                              0x2000001c   Data           4  main.o(.data)
    cov_newx                                 0x20000020   Data           4  main.o(.data)
    cov_newy                                 0x20000024   Data           4  main.o(.data)
    cov_newz                                 0x20000028   Data           4  main.o(.data)
    cov_oldx                                 0x2000002c   Data           4  main.o(.data)
    cov_oldy                                 0x20000030   Data           4  main.o(.data)
    cov_oldz                                 0x20000034   Data           4  main.o(.data)
    Xkalman                                  0x20000038   Data           4  main.o(.data)
    Ykalman                                  0x2000003c   Data           4  main.o(.data)
    Zkalman                                  0x20000040   Data           4  main.o(.data)
    Xkalman_old                              0x20000044   Data           4  main.o(.data)
    Ykalman_old                              0x20000048   Data           4  main.o(.data)
    Zkalman_old                              0x2000004c   Data           4  main.o(.data)
    lis_data                                 0x20000050   Data          32  main.o(.bss)
    __libspace_start                         0x20000070   Data          96  libspace.o(.bss)
    __temporary_stack_top$libspace           0x200000d0   Data           0  libspace.o(.bss)



==============================================================================

Memory Map of the image

  Image Entry point : 0x08000165

  Load Region LR_1 (Base: 0x08000000, Size: 0x0000299c, Max: 0xffffffff, ABSOLUTE)

    Execution Region ER_RO (Exec base: 0x08000000, Load base: 0x08000000, Size: 0x0000294c, Max: 0xffffffff, ABSOLUTE)

    Exec Addr    Load Addr    Size         Type   Attr      Idx    E Section Name        Object

    0x08000000   0x08000000   0x000000c0   Data   RO          353    RESET               startup_stm32f042x6.o
    0x080000c0   0x080000c0   0x00000008   Code   RO          399  * !!!main             c_p.l(__main.o)
    0x080000c8   0x080000c8   0x0000003c   Code   RO          629    !!!scatter          c_p.l(__scatter.o)
    0x08000104   0x08000104   0x0000001a   Code   RO          631    !!handler_copy      c_p.l(__scatter_copy.o)
    0x0800011e   0x0800011e   0x00000002   PAD
    0x08000120   0x08000120   0x0000001c   Code   RO          633    !!handler_zi        c_p.l(__scatter_zi.o)
    0x0800013c   0x0800013c   0x00000002   Code   RO          497    .ARM.Collect$$libinit$$00000000  c_p.l(libinit.o)
    0x0800013e   0x0800013e   0x00000000   Code   RO          512    .ARM.Collect$$libinit$$00000002  c_p.l(libinit2.o)
    0x0800013e   0x0800013e   0x00000000   Code   RO          514    .ARM.Collect$$libinit$$00000004  c_p.l(libinit2.o)
    0x0800013e   0x0800013e   0x00000000   Code   RO          517    .ARM.Collect$$libinit$$0000000A  c_p.l(libinit2.o)
    0x0800013e   0x0800013e   0x00000000   Code   RO          519    .ARM.Collect$$libinit$$0000000C  c_p.l(libinit2.o)
    0x0800013e   0x0800013e   0x00000000   Code   RO          521    .ARM.Collect$$libinit$$0000000E  c_p.l(libinit2.o)
    0x0800013e   0x0800013e   0x00000000   Code   RO          524    .ARM.Collect$$libinit$$00000011  c_p.l(libinit2.o)
    0x0800013e   0x0800013e   0x00000000   Code   RO          526    .ARM.Collect$$libinit$$00000013  c_p.l(libinit2.o)
    0x0800013e   0x0800013e   0x00000000   Code   RO          528    .ARM.Collect$$libinit$$00000015  c_p.l(libinit2.o)
    0x0800013e   0x0800013e   0x00000000   Code   RO          530    .ARM.Collect$$libinit$$00000017  c_p.l(libinit2.o)
    0x0800013e   0x0800013e   0x00000000   Code   RO          532    .ARM.Collect$$libinit$$00000019  c_p.l(libinit2.o)
    0x0800013e   0x0800013e   0x00000000   Code   RO          534    .ARM.Collect$$libinit$$0000001B  c_p.l(libinit2.o)
    0x0800013e   0x0800013e   0x00000000   Code   RO          536    .ARM.Collect$$libinit$$0000001D  c_p.l(libinit2.o)
    0x0800013e   0x0800013e   0x00000000   Code   RO          538    .ARM.Collect$$libinit$$0000001F  c_p.l(libinit2.o)
    0x0800013e   0x0800013e   0x00000000   Code   RO          540    .ARM.Collect$$libinit$$00000021  c_p.l(libinit2.o)
    0x0800013e   0x0800013e   0x00000000   Code   RO          542    .ARM.Collect$$libinit$$00000023  c_p.l(libinit2.o)
    0x0800013e   0x0800013e   0x00000000   Code   RO          544    .ARM.Collect$$libinit$$00000025  c_p.l(libinit2.o)
    0x0800013e   0x0800013e   0x00000000   Code   RO          548    .ARM.Collect$$libinit$$0000002C  c_p.l(libinit2.o)
    0x0800013e   0x0800013e   0x00000000   Code   RO          550    .ARM.Collect$$libinit$$0000002E  c_p.l(libinit2.o)
    0x0800013e   0x0800013e   0x00000000   Code   RO          552    .ARM.Collect$$libinit$$00000030  c_p.l(libinit2.o)
    0x0800013e   0x0800013e   0x00000000   Code   RO          554    .ARM.Collect$$libinit$$00000032  c_p.l(libinit2.o)
    0x0800013e   0x0800013e   0x00000002   Code   RO          555    .ARM.Collect$$libinit$$00000033  c_p.l(libinit2.o)
    0x08000140   0x08000140   0x00000002   Code   RO          586    .ARM.Collect$$libshutdown$$00000000  c_p.l(libshutdown.o)
    0x08000142   0x08000142   0x00000000   Code   RO          612    .ARM.Collect$$libshutdown$$00000002  c_p.l(libshutdown2.o)
    0x08000142   0x08000142   0x00000000   Code   RO          614    .ARM.Collect$$libshutdown$$00000004  c_p.l(libshutdown2.o)
    0x08000142   0x08000142   0x00000000   Code   RO          617    .ARM.Collect$$libshutdown$$00000007  c_p.l(libshutdown2.o)
    0x08000142   0x08000142   0x00000000   Code   RO          620    .ARM.Collect$$libshutdown$$0000000A  c_p.l(libshutdown2.o)
    0x08000142   0x08000142   0x00000000   Code   RO          622    .ARM.Collect$$libshutdown$$0000000C  c_p.l(libshutdown2.o)
    0x08000142   0x08000142   0x00000000   Code   RO          625    .ARM.Collect$$libshutdown$$0000000F  c_p.l(libshutdown2.o)
    0x08000142   0x08000142   0x00000002   Code   RO          626    .ARM.Collect$$libshutdown$$00000010  c_p.l(libshutdown2.o)
    0x08000144   0x08000144   0x00000000   Code   RO          438    .ARM.Collect$$rtentry$$00000000  c_p.l(__rtentry.o)
    0x08000144   0x08000144   0x00000000   Code   RO          453    .ARM.Collect$$rtentry$$00000002  c_p.l(__rtentry2.o)
    0x08000144   0x08000144   0x00000006   Code   RO          465    .ARM.Collect$$rtentry$$00000004  c_p.l(__rtentry4.o)
    0x0800014a   0x0800014a   0x00000000   Code   RO          455    .ARM.Collect$$rtentry$$00000009  c_p.l(__rtentry2.o)
    0x0800014a   0x0800014a   0x00000004   Code   RO          456    .ARM.Collect$$rtentry$$0000000A  c_p.l(__rtentry2.o)
    0x0800014e   0x0800014e   0x00000000   Code   RO          458    .ARM.Collect$$rtentry$$0000000C  c_p.l(__rtentry2.o)
    0x0800014e   0x0800014e   0x00000008   Code   RO          459    .ARM.Collect$$rtentry$$0000000D  c_p.l(__rtentry2.o)
    0x08000156   0x08000156   0x00000002   Code   RO          503    .ARM.Collect$$rtexit$$00000000  c_p.l(rtexit.o)
    0x08000158   0x08000158   0x00000000   Code   RO          559    .ARM.Collect$$rtexit$$00000002  c_p.l(rtexit2.o)
    0x08000158   0x08000158   0x00000004   Code   RO          560    .ARM.Collect$$rtexit$$00000003  c_p.l(rtexit2.o)
    0x0800015c   0x0800015c   0x00000006   Code   RO          561    .ARM.Collect$$rtexit$$00000004  c_p.l(rtexit2.o)
    0x08000162   0x08000162   0x00000002   PAD
    0x08000164   0x08000164   0x00000074   Code   RO          354  * .text               startup_stm32f042x6.o
    0x080001d8   0x080001d8   0x0000015a   Code   RO          393    .text               c_p.l(aeabi_sdiv.o)
    0x08000332   0x08000332   0x00000006   Code   RO          397    .text               c_p.l(heapauxi.o)
    0x08000338   0x08000338   0x0000007c   Code   RO          401    .text               fz_ps.l(d2f.o)
    0x080003b4   0x080003b4   0x00000358   Code   RO          403    .text               fz_ps.l(daddsub.o)
    0x0800070c   0x0800070c   0x00000448   Code   RO          405    .text               fz_ps.l(ddiv.o)
    0x08000b54   0x08000b54   0x0000006c   Code   RO          408    .text               fz_ps.l(dfixi.o)
    0x08000bc0   0x08000bc0   0x00000058   Code   RO          410    .text               fz_ps.l(dflti.o)
    0x08000c18   0x08000c18   0x00000054   Code   RO          412    .text               fz_ps.l(f2d.o)
    0x08000c6c   0x08000c6c   0x0000004c   Code   RO          420    .text               fz_ps.l(ffixi.o)
    0x08000cb8   0x08000cb8   0x0000005e   Code   RO          422    .text               fz_ps.l(fflti.o)
    0x08000d16   0x08000d16   0x00000016   Code   RO          443    .text               c_p.l(_rserrno.o)
    0x08000d2c   0x08000d2c   0x00000100   Code   RO          447    .text               fz_ps.l(dsqrt.o)
    0x08000e2c   0x08000e2c   0x00000064   Code   RO          449    .text               fz_ps.l(fcmpin.o)
    0x08000e90   0x08000e90   0x00000008   Code   RO          472    .text               c_p.l(rt_errno_addr_intlibspace.o)
    0x08000e98   0x08000e98   0x0000002e   Code   RO          474    .text               fz_ps.l(cmpret.o)
    0x08000ec6   0x08000ec6   0x00000002   PAD
    0x08000ec8   0x08000ec8   0x00000010   Code   RO          478    .text               fz_ps.l(fnan2.o)
    0x08000ed8   0x08000ed8   0x00000008   Code   RO          480    .text               c_p.l(libspace.o)
    0x08000ee0   0x08000ee0   0x0000003e   Code   RO          483    .text               c_p.l(sys_stackheap_outer.o)
    0x08000f1e   0x08000f1e   0x00000010   Code   RO          486    .text               c_p.l(exit.o)
    0x08000f2e   0x08000f2e   0x0000005e   Code   RO          500    .text               fz_ps.l(retnan.o)
    0x08000f8c   0x08000f8c   0x0000000c   Code   RO          556    .text               c_p.l(sys_exit.o)
    0x08000f98   0x08000f98   0x00000002   Code   RO          575    .text               c_p.l(use_no_semi.o)
    0x08000f9a   0x08000f9a   0x00000000   Code   RO          577    .text               c_p.l(indicate_semi.o)
    0x08000f9a   0x08000f9a   0x00000012   Code   RO          107    i.CMD               ssd1306.o
    0x08000fac   0x08000fac   0x00000044   Code   RO          109    i.I2C_Start         ssd1306.o
    0x08000ff0   0x08000ff0   0x00000044   Code   RO          110    i.I2C_Stop          ssd1306.o
    0x08001034   0x08001034   0x00000030   Code   RO          111    i.I2C_write         ssd1306.o
    0x08001064   0x08001064   0x00000060   Code   RO          112    i.LCD_Char          ssd1306.o
    0x080010c4   0x080010c4   0x0000003c   Code   RO          113    i.LCD_Clear         ssd1306.o
    0x08001100   0x08001100   0x0000003a   Code   RO          115    i.LCD_Gotoxy        ssd1306.o
    0x0800113a   0x0800113a   0x00000002   PAD
    0x0800113c   0x0800113c   0x0000002c   Code   RO          116    i.LCD_Init          ssd1306.o
    0x08001168   0x08001168   0x0000007c   Code   RO          118    i.LCD_PrintDec      ssd1306.o
    0x080011e4   0x080011e4   0x0000008a   Code   RO          119    i.LCD_PrintHex      ssd1306.o
    0x0800126e   0x0800126e   0x0000001a   Code   RO          120    i.LCD_PrintStr      ssd1306.o
    0x08001288   0x08001288   0x0000003c   Code   RO          267    i.Lis_ADC_CMD       lis3dh.o
    0x080012c4   0x080012c4   0x00000094   Code   RO          269    i.SPI_Read          lis3dh.o
    0x08001358   0x08001358   0x000000a4   Code   RO          270    i.SPI_Read_Multi    lis3dh.o
    0x080013fc   0x080013fc   0x00000094   Code   RO          271    i.SPI_Write         lis3dh.o
    0x08001490   0x08001490   0x00000074   Code   RO          361    i.SystemInit        system_stm32f0xx.o
    0x08001504   0x08001504   0x00000024   Code   RO            3    i.TIM17_IRQHandler  main.o
    0x08001528   0x08001528   0x00000008   Code   RO            4    i.TIM2_IRQHandler   main.o
    0x08001530   0x08001530   0x00000080   Code   RO            5    i.TimingDelayDec    main.o
    0x080015b0   0x080015b0   0x0000004c   Code   RO          122    i.WaitISRBitSet     ssd1306.o
    0x080015fc   0x080015fc   0x00000078   Code   RO            6    i.__NVIC_SetPriority  main.o
    0x08001674   0x08001674   0x00000014   Code   RO            7    i.delay_ms          main.o
    0x08001688   0x08001688   0x000000b4   Code   RO          272    i.init_lis3dh       lis3dh.o
    0x0800173c   0x0800173c   0x000001f8   Code   RO            8    i.initial           main.o
    0x08001934   0x08001934   0x000002b4   Code   RO            9    i.kalman_filter     main.o
    0x08001be8   0x08001be8   0x00000298   Code   RO           10    i.main              main.o
    0x08001e80   0x08001e80   0x000000c4   Code   RO          274    i.readLisData       lis3dh.o
    0x08001f44   0x08001f44   0x0000013c   Code   RO          277    i.readReg8          lis3dh.o
    0x08002080   0x08002080   0x00000048   Code   RO          431    i.sqrt              m_ps.l(sqrt.o)
    0x080020c8   0x080020c8   0x000000b8   Code   RO          278    i.writeReg8         lis3dh.o
    0x08002180   0x08002180   0x0000008c   Code   RO          414    x$fpl$fadd          fz_ps.l(faddsub.o)
    0x0800220c   0x0800220c   0x00000054   Code   RO          424    x$fpl$fleqf         fz_ps.l(flef.o)
    0x08002260   0x08002260   0x000000b0   Code   RO          426    x$fpl$fmul          fz_ps.l(fmul.o)
    0x08002310   0x08002310   0x00000058   Code   RO          428    x$fpl$frleqf        fz_ps.l(frlef.o)
    0x08002368   0x08002368   0x000000d0   Code   RO          416    x$fpl$fsub          fz_ps.l(faddsub.o)
    0x08002438   0x08002438   0x00000000   Code   RO          451    x$fpl$usenofp       fz_ps.l(usenofp.o)
    0x08002438   0x08002438   0x00000472   Data   RO          130    .constdata          ssd1306.o
    0x080028aa   0x080028aa   0x00000080   Data   RO          406    .constdata          fz_ps.l(ddiv.o)
    0x0800292a   0x0800292a   0x00000002   PAD
    0x0800292c   0x0800292c   0x00000020   Data   RO          627    Region$$Table       anon$$obj.o


    Execution Region ER_RW (Exec base: 0x20000000, Load base: 0x0800294c, Size: 0x00000050, Max: 0xffffffff, ABSOLUTE)

    Exec Addr    Load Addr    Size         Type   Attr      Idx    E Section Name        Object

    0x20000000   0x0800294c   0x00000050   Data   RW           13    .data               main.o


    Execution Region ER_ZI (Exec base: 0x20000050, Load base: 0x0800299c, Size: 0x00000680, Max: 0xffffffff, ABSOLUTE)

    Exec Addr    Load Addr    Size         Type   Attr      Idx    E Section Name        Object

    0x20000050        -       0x00000020   Zero   RW           11    .bss                main.o
    0x20000070        -       0x00000060   Zero   RW          481    .bss                c_p.l(libspace.o)
    0x200000d0        -       0x00000200   Zero   RW          352    HEAP                startup_stm32f042x6.o
    0x200002d0        -       0x00000400   Zero   RW          351    STACK               startup_stm32f042x6.o


==============================================================================

Image component sizes


      Code (inc. data)   RO Data    RW Data    ZI Data      Debug   Object Name

      1396         60          0          0          0       5265   lis3dh.o
      2172        270          0         80         32     374935   main.o
       824         44       1138          0          0       7353   ssd1306.o
       116         56        192          0       1536        672   startup_stm32f042x6.o
       116         12          0          0          0        481   system_stm32f0xx.o

    ----------------------------------------------------------------------
      4626        442       1362         80       1568     388706   Object Totals
         0          0         32          0          0          0   (incl. Generated)
         2          0          0          0          0          0   (incl. Padding)

    ----------------------------------------------------------------------

      Code (inc. data)   RO Data    RW Data    ZI Data      Debug   Library Member Name

         8          0          0          0          0         68   __main.o
         0          0          0          0          0          0   __rtentry.o
        12          0          0          0          0          0   __rtentry2.o
         6          0          0          0          0          0   __rtentry4.o
        60          8          0          0          0          0   __scatter.o
        26          0          0          0          0          0   __scatter_copy.o
        28          0          0          0          0          0   __scatter_zi.o
        22          0          0          0          0         92   _rserrno.o
       346          0          0          0          0         92   aeabi_sdiv.o
        16          0          0          0          0         68   exit.o
         6          0          0          0          0        136   heapauxi.o
         0          0          0          0          0          0   indicate_semi.o
         2          0          0          0          0          0   libinit.o
         2          0          0          0          0          0   libinit2.o
         2          0          0          0          0          0   libshutdown.o
         2          0          0          0          0          0   libshutdown2.o
         8          4          0          0         96         68   libspace.o
         8          4          0          0          0         68   rt_errno_addr_intlibspace.o
         2          0          0          0          0          0   rtexit.o
        10          0          0          0          0          0   rtexit2.o
        12          4          0          0          0         60   sys_exit.o
        62          0          0          0          0         80   sys_stackheap_outer.o
         2          0          0          0          0         68   use_no_semi.o
        46          0          0          0          0         60   cmpret.o
       124          4          0          0          0         72   d2f.o
       856         20          0          0          0        208   daddsub.o
      1096         26        128          0          0        112   ddiv.o
       108         10          0          0          0         72   dfixi.o
        88          0          0          0          0         92   dflti.o
       256          8          0          0          0         76   dsqrt.o
        84          4          0          0          0         60   f2d.o
       348          8          0          0          0        160   faddsub.o
       100          4          0          0          0         68   fcmpin.o
        76          0          0          0          0         68   ffixi.o
        94          0          0          0          0         92   fflti.o
        84          4          0          0          0         76   flef.o
       176          4          0          0          0         80   fmul.o
        16          6          0          0          0         68   fnan2.o
        88          4          0          0          0         76   frlef.o
        94          0          0          0          0         68   retnan.o
         0          0          0          0          0          0   usenofp.o
        72          6          0          0          0         76   sqrt.o

    ----------------------------------------------------------------------
      4454        128        130          0         96       2384   Library Totals
         6          0          2          0          0          0   (incl. Padding)

    ----------------------------------------------------------------------

      Code (inc. data)   RO Data    RW Data    ZI Data      Debug   Library Name

       642         20          0          0         96        800   c_p.l
      3734        102        128          0          0       1508   fz_ps.l
        72          6          0          0          0         76   m_ps.l

    ----------------------------------------------------------------------
      4454        128        130          0         96       2384   Library Totals

    ----------------------------------------------------------------------

==============================================================================


      Code (inc. data)   RO Data    RW Data    ZI Data      Debug   

      9080        570       1492         80       1664     388786   Grand Totals
      9080        570       1492         80       1664     388786   ELF Image Totals
      9080        570       1492         80          0          0   ROM Totals

==============================================================================

    Total RO  Size (Code + RO Data)                10572 (  10.32kB)
    Total RW  Size (RW Data + ZI Data)              1744 (   1.70kB)
    Total ROM Size (Code + RO Data + RW Data)      10652 (  10.40kB)

==============================================================================

